Archive member included to satisfy reference by file (symbol)

D:/Work/STM32CubeIDE_2.1.1/STM32CubeIDE/plugins/com.st.stm32cube.ide.mcu.externaltools.gnu-tools-for-stm32.14.3.rel1.win32_1.0.100.202602081740/tools/bin/../lib/gcc/arm-none-eabi/14.3.1/../../../../arm-none-eabi/lib/thumb/v7e-m+fp/hard\libc_nano.a(libc_a-exit.o)
                              D:/Work/STM32CubeIDE_2.1.1/STM32CubeIDE/plugins/com.st.stm32cube.ide.mcu.externaltools.gnu-tools-for-stm32.14.3.rel1.win32_1.0.100.202602081740/tools/bin/../lib/gcc/arm-none-eabi/14.3.1/../../../../arm-none-eabi/lib/thumb/v7e-m+fp/hard/crt0.o (exit)
D:/Work/STM32CubeIDE_2.1.1/STM32CubeIDE/plugins/com.st.stm32cube.ide.mcu.externaltools.gnu-tools-for-stm32.14.3.rel1.win32_1.0.100.202602081740/tools/bin/../lib/gcc/arm-none-eabi/14.3.1/../../../../arm-none-eabi/lib/thumb/v7e-m+fp/hard\libc_nano.a(libc_a-nano-vfprintf_float.o)
                              (_printf_float)
D:/Work/STM32CubeIDE_2.1.1/STM32CubeIDE/plugins/com.st.stm32cube.ide.mcu.externaltools.gnu-tools-for-stm32.14.3.rel1.win32_1.0.100.202602081740/tools/bin/../lib/gcc/arm-none-eabi/14.3.1/../../../../arm-none-eabi/lib/thumb/v7e-m+fp/hard\libc_nano.a(libc_a-nano-vfprintf_i.o)
                              D:/Work/STM32CubeIDE_2.1.1/STM32CubeIDE/plugins/com.st.stm32cube.ide.mcu.externaltools.gnu-tools-for-stm32.14.3.rel1.win32_1.0.100.202602081740/tools/bin/../lib/gcc/arm-none-eabi/14.3.1/../../../../arm-none-eabi/lib/thumb/v7e-m+fp/hard\libc_nano.a(libc_a-nano-vfprintf_float.o) (_printf_common)
D:/Work/STM32CubeIDE_2.1.1/STM32CubeIDE/plugins/com.st.stm32cube.ide.mcu.externaltools.gnu-tools-for-stm32.14.3.rel1.win32_1.0.100.202602081740/tools/bin/../lib/gcc/arm-none-eabi/14.3.1/../../../../arm-none-eabi/lib/thumb/v7e-m+fp/hard\libc_nano.a(libc_a-nano-vfscanf_float.o)
                              (_scanf_float)
D:/Work/STM32CubeIDE_2.1.1/STM32CubeIDE/plugins/com.st.stm32cube.ide.mcu.externaltools.gnu-tools-for-stm32.14.3.rel1.win32_1.0.100.202602081740/tools/bin/../lib/gcc/arm-none-eabi/14.3.1/../../../../arm-none-eabi/lib/thumb/v7e-m+fp/hard\libc_nano.a(libc_a-findfp.o)
                              ./Middlewares/Third_Party/FreeRTOS/Source/tasks.o (__sf)
D:/Work/STM32CubeIDE_2.1.1/STM32CubeIDE/plugins/com.st.stm32cube.ide.mcu.externaltools.gnu-tools-for-stm32.14.3.rel1.win32_1.0.100.202602081740/tools/bin/../lib/gcc/arm-none-eabi/14.3.1/../../../../arm-none-eabi/lib/thumb/v7e-m+fp/hard\libc_nano.a(libc_a-fwalk.o)
                              D:/Work/STM32CubeIDE_2.1.1/STM32CubeIDE/plugins/com.st.stm32cube.ide.mcu.externaltools.gnu-tools-for-stm32.14.3.rel1.win32_1.0.100.202602081740/tools/bin/../lib/gcc/arm-none-eabi/14.3.1/../../../../arm-none-eabi/lib/thumb/v7e-m+fp/hard\libc_nano.a(libc_a-findfp.o) (_fwalk_sglue)
D:/Work/STM32CubeIDE_2.1.1/STM32CubeIDE/plugins/com.st.stm32cube.ide.mcu.externaltools.gnu-tools-for-stm32.14.3.rel1.win32_1.0.100.202602081740/tools/bin/../lib/gcc/arm-none-eabi/14.3.1/../../../../arm-none-eabi/lib/thumb/v7e-m+fp/hard\libc_nano.a(libc_a-printf.o)
                              ./Core/Src/main.o (printf)
D:/Work/STM32CubeIDE_2.1.1/STM32CubeIDE/plugins/com.st.stm32cube.ide.mcu.externaltools.gnu-tools-for-stm32.14.3.rel1.win32_1.0.100.202602081740/tools/bin/../lib/gcc/arm-none-eabi/14.3.1/../../../../arm-none-eabi/lib/thumb/v7e-m+fp/hard\libc_nano.a(libc_a-sprintf.o)
                              D:/Work/STM32CubeIDE_2.1.1/STM32CubeIDE/plugins/com.st.stm32cube.ide.mcu.externaltools.gnu-tools-for-stm32.14.3.rel1.win32_1.0.100.202602081740/tools/bin/../lib/gcc/arm-none-eabi/14.3.1/../../../../arm-none-eabi/lib/thumb/v7e-m+fp/hard\libc_nano.a(libc_a-nano-vfscanf_float.o) (sprintf)
D:/Work/STM32CubeIDE_2.1.1/STM32CubeIDE/plugins/com.st.stm32cube.ide.mcu.externaltools.gnu-tools-for-stm32.14.3.rel1.win32_1.0.100.202602081740/tools/bin/../lib/gcc/arm-none-eabi/14.3.1/../../../../arm-none-eabi/lib/thumb/v7e-m+fp/hard\libc_nano.a(libc_a-stdio.o)
                              D:/Work/STM32CubeIDE_2.1.1/STM32CubeIDE/plugins/com.st.stm32cube.ide.mcu.externaltools.gnu-tools-for-stm32.14.3.rel1.win32_1.0.100.202602081740/tools/bin/../lib/gcc/arm-none-eabi/14.3.1/../../../../arm-none-eabi/lib/thumb/v7e-m+fp/hard\libc_nano.a(libc_a-findfp.o) (__sread)
D:/Work/STM32CubeIDE_2.1.1/STM32CubeIDE/plugins/com.st.stm32cube.ide.mcu.externaltools.gnu-tools-for-stm32.14.3.rel1.win32_1.0.100.202602081740/tools/bin/../lib/gcc/arm-none-eabi/14.3.1/../../../../arm-none-eabi/lib/thumb/v7e-m+fp/hard\libc_nano.a(libc_a-memset.o)
                              D:/Work/STM32CubeIDE_2.1.1/STM32CubeIDE/plugins/com.st.stm32cube.ide.mcu.externaltools.gnu-tools-for-stm32.14.3.rel1.win32_1.0.100.202602081740/tools/bin/../lib/gcc/arm-none-eabi/14.3.1/../../../../arm-none-eabi/lib/thumb/v7e-m+fp/hard/crt0.o (memset)
[...]
Memory Configuration

Name             Origin             Length             Attributes
RAM              0x20000000         0x00020000         xrw
FLASH            0x08000000         0x00080000         xr
*default*        0x00000000         0xffffffff

Linker script and memory map

LOAD D:/Work/STM32CubeIDE_2.1.1/STM32CubeIDE/plugins/com.st.stm32cube.ide.mcu.externaltools.gnu-tools-for-stm32.14.3.rel1.win32_1.0.100.202602081740/tools/bin/../lib/gcc/arm-none-eabi/14.3.1/thumb/v7e-m+fp/hard/crti.o
LOAD D:/Work/STM32CubeIDE_2.1.1/STM32CubeIDE/plugins/com.st.stm32cube.ide.mcu.externaltools.gnu-tools-for-stm32.14.3.rel1.win32_1.0.100.202602081740/tools/bin/../lib/gcc/arm-none-eabi/14.3.1/thumb/v7e-m+fp/hard/crtbegin.o
LOAD D:/Work/STM32CubeIDE_2.1.1/STM32CubeIDE/plugins/com.st.stm32cube.ide.mcu.externaltools.gnu-tools-for-stm32.14.3.rel1.win32_1.0.100.202602081740/tools/bin/../lib/gcc/arm-none-eabi/14.3.1/../../../../arm-none-eabi/lib/thumb/v7e-m+fp/hard/crt0.o
LOAD ./Core/Src/Support_function.o
LOAD ./Core/Src/bmp280.o
LOAD ./Core/Src/freertos.o
LOAD ./Core/Src/main.o
LOAD ./Core/Src/mav_messages.o
LOAD ./Core/Src/mpu6050.o
LOAD ./Core/Src/stm32f4xx_hal_msp.o
LOAD ./Core/Src/stm32f4xx_hal_timebase_tim.o
LOAD ./Core/Src/stm32f4xx_it.o
LOAD ./Core/Src/syscalls.o
LOAD ./Core/Src/sysmem.o
LOAD ./Core/Src/system_stm32f4xx.o
LOAD ./Core/Startup/startup_stm32f411ceux.o
LOAD ./Drivers/STM32F4xx_HAL_Driver/Src/stm32f4xx_hal.o
LOAD ./Drivers/STM32F4xx_HAL_Driver/Src/stm32f4xx_hal_cortex.o
LOAD ./Drivers/STM32F4xx_HAL_Driver/Src/stm32f4xx_hal_dma.o
LOAD ./Drivers/STM32F4xx_HAL_Driver/Src/stm32f4xx_hal_dma_ex.o
LOAD ./Drivers/STM32F4xx_HAL_Driver/Src/stm32f4xx_hal_exti.o
LOAD ./Drivers/STM32F4xx_HAL_Driver/Src/stm32f4xx_hal_flash.o
LOAD ./Drivers/STM32F4xx_HAL_Driver/Src/stm32f4xx_hal_flash_ex.o
LOAD ./Drivers/STM32F4xx_HAL_Driver/Src/stm32f4xx_hal_flash_ramfunc.o
LOAD ./Drivers/STM32F4xx_HAL_Driver/Src/stm32f4xx_hal_gpio.o
LOAD ./Drivers/STM32F4xx_HAL_Driver/Src/stm32f4xx_hal_i2c.o
LOAD ./Drivers/STM32F4xx_HAL_Driver/Src/stm32f4xx_hal_i2c_ex.o
LOAD ./Drivers/STM32F4xx_HAL_Driver/Src/stm32f4xx_hal_pwr.o
LOAD ./Drivers/STM32F4xx_HAL_Driver/Src/stm32f4xx_hal_pwr_ex.o
LOAD ./Drivers/STM32F4xx_HAL_Driver/Src/stm32f4xx_hal_rcc.o
LOAD ./Drivers/STM32F4xx_HAL_Driver/Src/stm32f4xx_hal_rcc_ex.o
LOAD ./Drivers/STM32F4xx_HAL_Driver/Src/stm32f4xx_hal_tim.o
LOAD ./Drivers/STM32F4xx_HAL_Driver/Src/stm32f4xx_hal_tim_ex.o
LOAD ./Drivers/STM32F4xx_HAL_Driver/Src/stm32f4xx_hal_uart.o
LOAD ./Middlewares/Third_Party/FreeRTOS/Source/CMSIS_RTOS_V2/cmsis_os2.o
LOAD ./Middlewares/Third_Party/FreeRTOS/Source/croutine.o
LOAD ./Middlewares/Third_Party/FreeRTOS/Source/event_groups.o
LOAD ./Middlewares/Third_Party/FreeRTOS/Source/list.o
LOAD ./Middlewares/Third_Party/FreeRTOS/Source/queue.o
LOAD ./Middlewares/Third_Party/FreeRTOS/Source/stream_buffer.o
LOAD ./Middlewares/Third_Party/FreeRTOS/Source/tasks.o
LOAD ./Middlewares/Third_Party/FreeRTOS/Source/timers.o
LOAD ./Middlewares/Third_Party/FreeRTOS/Source/portable/GCC/ARM_CM4F/port.o
LOAD ./Middlewares/Third_Party/FreeRTOS/Source/portable/MemMang/heap_4.o
START GROUP
LOAD D:/Work/STM32CubeIDE_2.1.1/STM32CubeIDE/plugins/com.st.stm32cube.ide.mcu.externaltools.gnu-tools-for-stm32.14.3.rel1.win32_1.0.100.202602081740/tools/bin/../lib/gcc/arm-none-eabi/14.3.1/../../../../arm-none-eabi/lib/thumb/v7e-m+fp/hard\libc_nano.a
LOAD D:/Work/STM32CubeIDE_2.1.1/STM32CubeIDE/plugins/com.st.stm32cube.ide.mcu.externaltools.gnu-tools-for-stm32.14.3.rel1.win32_1.0.100.202602081740/tools/bin/../lib/gcc/arm-none-eabi/14.3.1/../../../../arm-none-eabi/lib/thumb/v7e-m+fp/hard\libm.a
END GROUP
START GROUP
LOAD D:/Work/STM32CubeIDE_2.1.1/STM32CubeIDE/plugins/com.st.stm32cube.ide.mcu.externaltools.gnu-tools-for-stm32.14.3.rel1.win32_1.0.100.202602081740/tools/bin/../lib/gcc/arm-none-eabi/14.3.1/thumb/v7e-m+fp/hard\libgcc.a
LOAD D:/Work/STM32CubeIDE_2.1.1/STM32CubeIDE/plugins/com.st.stm32cube.ide.mcu.externaltools.gnu-tools-for-stm32.14.3.rel1.win32_1.0.100.202602081740/tools/bin/../lib/gcc/arm-none-eabi/14.3.1/../../../../arm-none-eabi/lib/thumb/v7e-m+fp/hard\libc_nano.a
END GROUP
START GROUP
LOAD D:/Work/STM32CubeIDE_2.1.1/STM32CubeIDE/plugins/com.st.stm32cube.ide.mcu.externaltools.gnu-tools-for-stm32.14.3.rel1.win32_1.0.100.202602081740/tools/bin/../lib/gcc/arm-none-eabi/14.3.1/thumb/v7e-m+fp/hard\libgcc.a
LOAD D:/Work/STM32CubeIDE_2.1.1/STM32CubeIDE/plugins/com.st.stm32cube.ide.mcu.externaltools.gnu-tools-for-stm32.14.3.rel1.win32_1.0.100.202602081740/tools/bin/../lib/gcc/arm-none-eabi/14.3.1/../../../../arm-none-eabi/lib/thumb/v7e-m+fp/hard\libc_nano.a
LOAD D:/Work/STM32CubeIDE_2.1.1/STM32CubeIDE/plugins/com.st.stm32cube.ide.mcu.externaltools.gnu-tools-for-stm32.14.3.rel1.win32_1.0.100.202602081740/tools/bin/../lib/gcc/arm-none-eabi/14.3.1/../../../../arm-none-eabi/lib/thumb/v7e-m+fp/hard\libnosys.a
END GROUP
START GROUP
LOAD D:/Work/STM32CubeIDE_2.1.1/STM32CubeIDE/plugins/com.st.stm32cube.ide.mcu.externaltools.gnu-tools-for-stm32.14.3.rel1.win32_1.0.100.202602081740/tools/bin/../lib/gcc/arm-none-eabi/14.3.1/thumb/v7e-m+fp/hard\libgcc.a
LOAD D:/Work/STM32CubeIDE_2.1.1/STM32CubeIDE/plugins/com.st.stm32cube.ide.mcu.externaltools.gnu-tools-for-stm32.14.3.rel1.win32_1.0.100.202602081740/tools/bin/../lib/gcc/arm-none-eabi/14.3.1/../../../../arm-none-eabi/lib/thumb/v7e-m+fp/hard\libc_nano.a
LOAD D:/Work/STM32CubeIDE_2.1.1/STM32CubeIDE/plugins/com.st.stm32cube.ide.mcu.externaltools.gnu-tools-for-stm32.14.3.rel1.win32_1.0.100.202602081740/tools/bin/../lib/gcc/arm-none-eabi/14.3.1/../../../../arm-none-eabi/lib/thumb/v7e-m+fp/hard\libnosys.a
END GROUP
LOAD D:/Work/STM32CubeIDE_2.1.1/STM32CubeIDE/plugins/com.st.stm32cube.ide.mcu.externaltools.gnu-tools-for-stm32.14.3.rel1.win32_1.0.100.202602081740/tools/bin/../lib/gcc/arm-none-eabi/14.3.1/thumb/v7e-m+fp/hard/crtend.o
LOAD D:/Work/STM32CubeIDE_2.1.1/STM32CubeIDE/plugins/com.st.stm32cube.ide.mcu.externaltools.gnu-tools-for-stm32.14.3.rel1.win32_1.0.100.202602081740/tools/bin/../lib/gcc/arm-none-eabi/14.3.1/thumb/v7e-m+fp/hard/crtn.o
                0x20020000                        _estack = (ORIGIN (RAM) + LENGTH (RAM))
                0x00000200                        _Min_Heap_Size = 0x200
                0x00000400                        _Min_Stack_Size = 0x400

.isr_vector     0x08000000      0x198
                0x08000000                        . = ALIGN (0x4)
 *(.isr_vector)
 .isr_vector    0x08000000      0x198 ./Core/Startup/startup_stm32f411ceux.o
                0x08000000                g_pfnVectors
                0x08000198                        . = ALIGN (0x4)

.text           0x080001a0    0x12a40
                0x080001a0                        . = ALIGN (0x4)
 *(.text)
 .text          0x080001a0       0x40 D:/Work/STM32CubeIDE_2.1.1/STM32CubeIDE/plugins/com.st.stm32cube.ide.mcu.externaltools.gnu-tools-for-stm32.14.3.rel1.win32_1.0.100.202602081740/tools/bin/../lib/gcc/arm-none-eabi/14.3.1/thumb/v7e-m+fp/hard/crtbegin.o
 .text          0x080001e0       0xa0 D:/Work/STM32CubeIDE_2.1.1/STM32CubeIDE/plugins/com.st.stm32cube.ide.mcu.externaltools.gnu-tools-for-stm32.14.3.rel1.win32_1.0.100.202602081740/tools/bin/../lib/gcc/arm-none-eabi/14.3.1/../../../../arm-none-eabi/lib/thumb/v7e-m+fp/hard\libc_nano.a(libc_a-memchr.o)
                0x080001e0                memchr
 .text          0x08000280       0x10 D:/Work/STM32CubeIDE_2.1.1/STM32CubeIDE/plugins/com.st.stm32cube.ide.mcu.externaltools.gnu-tools-for-stm32.14.3.rel1.win32_1.0.100.202602081740/tools/bin/../lib/gcc/arm-none-eabi/14.3.1/../../../../arm-none-eabi/lib/thumb/v7e-m+fp/hard\libc_nano.a(libc_a-strlen.o)
                0x08000280                strlen
 .text          0x08000290      0x378 D:/Work/STM32CubeIDE_2.1.1/STM32CubeIDE/plugins/com.st.stm32cube.ide.mcu.externaltools.gnu-tools-for-stm32.14.3.rel1.win32_1.0.100.202602081740/tools/bin/../lib/gcc/arm-none-eabi/14.3.1/thumb/v7e-m+fp/hard\libgcc.a(_arm_addsubdf3.o)
                0x08000290                __aeabi_drsub
                0x08000298                __aeabi_dsub
                0x08000298                __subdf3
                0x0800029c                __aeabi_dadd
                0x0800029c                __adddf3
                0x08000514                __floatunsidf
                0x08000514                __aeabi_ui2d
                0x08000534                __floatsidf
                0x08000534                __aeabi_i2d
                0x08000558                __aeabi_f2d
                0x08000558                __extendsfdf2
                0x0800059c                __floatundidf
                0x0800059c                __aeabi_ul2d
                0x080005ac                __floatdidf
                0x080005ac                __aeabi_l2d
 .text          0x08000608      0x424 D:/Work/STM32CubeIDE_2.1.1/STM32CubeIDE/plugins/com.st.stm32cube.ide.mcu.externaltools.gnu-tools-for-stm32.14.3.rel1.win32_1.0.100.202602081740/tools/bin/../lib/gcc/arm-none-eabi/14.3.1/thumb/v7e-m+fp/hard\libgcc.a(_arm_muldivdf3.o)
                0x08000608                __aeabi_dmul
                0x08000608                __muldf3
                0x0800085c                __divdf3
                0x0800085c                __aeabi_ddiv
 .text          0x08000a2c      0x110 D:/Work/STM32CubeIDE_2.1.1/STM32CubeIDE/plugins/com.st.stm32cube.ide.mcu.externaltools.gnu-tools-for-stm32.14.3.rel1.win32_1.0.100.202602081740/tools/bin/../lib/gcc/arm-none-eabi/14.3.1/thumb/v7e-m+fp/hard\libgcc.a(_arm_cmpdf2.o)
                0x08000a2c                __gtdf2
                0x08000a2c                __gedf2
                0x08000a34                __ltdf2
                0x08000a34                __ledf2
                0x08000a3c                __nedf2
                0x08000a3c                __eqdf2
                0x08000a3c                __cmpdf2
                0x08000ab8                __aeabi_cdrcmple
                0x08000ac8                __aeabi_cdcmpeq
                0x08000ac8                __aeabi_cdcmple
                0x08000ad8                __aeabi_dcmpeq
                0x08000aec                __aeabi_dcmplt
                0x08000b00                __aeabi_dcmple
                0x08000b14                __aeabi_dcmpge
                0x08000b28                __aeabi_dcmpgt
 .text          0x08000b3c       0x2c D:/Work/STM32CubeIDE_2.1.1/STM32CubeIDE/plugins/com.st.stm32cube.ide.mcu.externaltools.gnu-tools-for-stm32.14.3.rel1.win32_1.0.100.202602081740/tools/bin/../lib/gcc/arm-none-eabi/14.3.1/thumb/v7e-m+fp/hard\libgcc.a(_arm_unorddf2.o)
                0x08000b3c                __unorddf2
                0x08000b3c                __aeabi_dcmpun
 .text          0x08000b68       0x50 D:/Work/STM32CubeIDE_2.1.1/STM32CubeIDE/plugins/com.st.stm32cube.ide.mcu.externaltools.gnu-tools-for-stm32.14.3.rel1.win32_1.0.100.202602081740/tools/bin/../lib/gcc/arm-none-eabi/14.3.1/thumb/v7e-m+fp/hard\libgcc.a(_arm_fixdfsi.o)
                0x08000b68                __aeabi_d2iz
                0x08000b68                __fixdfsi
 .text          0x08000bb8       0x40 D:/Work/STM32CubeIDE_2.1.1/STM32CubeIDE/plugins/com.st.stm32cube.ide.mcu.externaltools.gnu-tools-for-stm32.14.3.rel1.win32_1.0.100.202602081740/tools/bin/../lib/gcc/arm-none-eabi/14.3.1/thumb/v7e-m+fp/hard\libgcc.a(_arm_fixunsdfsi.o)
                0x08000bb8                __aeabi_d2uiz
                0x08000bb8                __fixunsdfsi
 .text          0x08000bf8       0xa0 D:/Work/STM32CubeIDE_2.1.1/STM32CubeIDE/plugins/com.st.stm32cube.ide.mcu.externaltools.gnu-tools-for-stm32.14.3.rel1.win32_1.0.100.202602081740/tools/bin/../lib/gcc/arm-none-eabi/14.3.1/thumb/v7e-m+fp/hard\libgcc.a(_arm_truncdfsf2.o)
                0x08000bf8                __truncdfsf2
                0x08000bf8                __aeabi_d2f
 .text          0x08000c98       0x30 D:/Work/STM32CubeIDE_2.1.1/STM32CubeIDE/plugins/com.st.stm32cube.ide.mcu.externaltools.gnu-tools-for-stm32.14.3.rel1.win32_1.0.100.202602081740/tools/bin/../lib/gcc/arm-none-eabi/14.3.1/thumb/v7e-m+fp/hard\libgcc.a(_aeabi_uldivmod.o)
                0x08000c98                __aeabi_uldivmod
 .text          0x08000cc8       0x30 D:/Work/STM32CubeIDE_2.1.1/STM32CubeIDE/plugins/com.st.stm32cube.ide.mcu.externaltools.gnu-tools-for-stm32.14.3.rel1.win32_1.0.100.202602081740/tools/bin/../lib/gcc/arm-none-eabi/14.3.1/thumb/v7e-m+fp/hard\libgcc.a(_fixdfdi.o)
                0x08000cc8                __fixdfdi
                0x08000cc8                __aeabi_d2lz
 .text          0x08000cf8       0x3c D:/Work/STM32CubeIDE_2.1.1/STM32CubeIDE/plugins/com.st.stm32cube.ide.mcu.externaltools.gnu-tools-for-stm32.14.3.rel1.win32_1.0.100.202602081740/tools/bin/../lib/gcc/arm-none-eabi/14.3.1/thumb/v7e-m+fp/hard\libgcc.a(_fixunsdfdi.o)
                0x08000cf8                __fixunsdfdi
                0x08000cf8                __aeabi_d2ulz
 .text          0x08000d34      0x2f8 D:/Work/STM32CubeIDE_2.1.1/STM32CubeIDE/plugins/com.st.stm32cube.ide.mcu.externaltools.gnu-tools-for-stm32.14.3.rel1.win32_1.0.100.202602081740/tools/bin/../lib/gcc/arm-none-eabi/14.3.1/thumb/v7e-m+fp/hard\libgcc.a(_udivmoddi4.o)
                0x08000d34                __udivmoddi4
 .text          0x0800102c        0x4 D:/Work/STM32CubeIDE_2.1.1/STM32CubeIDE/plugins/com.st.stm32cube.ide.mcu.externaltools.gnu-tools-for-stm32.14.3.rel1.win32_1.0.100.202602081740/tools/bin/../lib/gcc/arm-none-eabi/14.3.1/thumb/v7e-m+fp/hard\libgcc.a(_dvmd_tls.o)
                0x0800102c                __aeabi_idiv0
                0x0800102c                __aeabi_ldiv0
 *(.text*)
 .text.range_converter
                0x08001030       0x92 ./Core/Src/Support_function.o
                0x08001030                range_converter
 *fill*         0x080010c2        0x2 
 .text.set_raw_ccr
                0x080010c4       0x8c ./Core/Src/Support_function.o
                0x080010c4                set_raw_ccr
 .text.map_rc_to_pid
                0x08001150       0x74 ./Core/Src/Support_function.o
                0x08001150                map_rc_to_pid
 .text.ESC_Calibrate
                0x080011c4       0xe4 ./Core/Src/Support_function.o
                0x080011c4                ESC_Calibrate
 .text.bmp280_hal_i2c_write
                0x080012a8       0x38 ./Core/Src/bmp280.o
 .text.bmp280_load_calib
                0x080012e0      0x164 ./Core/Src/bmp280.o
 .text.bmp280_get_temperature
                0x08001444      0x1dc ./Core/Src/bmp280.o
                0x08001444                bmp280_get_temperature
 .text.bmp280_get_pressure
                0x08001620      0x3a0 ./Core/Src/bmp280.o
                0x08001620                bmp280_get_pressure
 .text.bmp280_i2c_setup
                0x080019c0       0x18 ./Core/Src/bmp280.o
                0x080019c0                bmp280_i2c_setup
 .text.bmp280_get_altitude
                0x080019d8       0xbc ./Core/Src/bmp280.o
                0x080019d8                bmp280_get_altitude
 .text.__io_putchar
                0x08001a94       0x24 ./Core/Src/main.o
                0x08001a94                __io_putchar
 .text.HAL_GPIO_EXTI_Callback
                0x08001ab8       0x38 ./Core/Src/main.o
                0x08001ab8                HAL_GPIO_EXTI_Callback
 .text.HAL_TIM_IC_CaptureCallback
                0x08001af0      0x16c ./Core/Src/main.o
                0x08001af0                HAL_TIM_IC_CaptureCallback
 *fill*         0x08001c5c        0x4 
 .text.pid_equation
                0x08001c60      0x1ac ./Core/Src/main.o
                0x08001c60                pid_equation
 .text.reset_pid
                0x08001e0c       0x88 ./Core/Src/main.o
                0x08001e0c                reset_pid
 .text.actuator_emergency_stop_latch
                0x08001e94      0x12c ./Core/Src/main.o
                0x08001e94                actuator_emergency_stop_latch
 .text.main     0x08001fc0      0x17c ./Core/Src/main.o
                0x08001fc0                main
 .text.SystemClock_Config
                0x0800213c       0xd0 ./Core/Src/main.o
                0x0800213c                SystemClock_Config
 .text.MX_I2C1_Init
                0x0800220c       0x5c ./Core/Src/main.o
 .text.MX_TIM2_Init
                0x08002268      0x118 ./Core/Src/main.o
 .text.MX_TIM3_Init
                0x08002380      0x130 ./Core/Src/main.o
 .text.MX_TIM4_Init
                0x080024b0       0xe0 ./Core/Src/main.o
 .text.MX_TIM9_Init
                0x08002590       0x74 ./Core/Src/main.o
 .text.MX_TIM10_Init
                0x08002604       0x48 ./Core/Src/main.o
 .text.MX_USART1_UART_Init
                0x0800264c       0x54 ./Core/Src/main.o
 .text.MX_USART2_UART_Init
                0x080026a0       0x54 ./Core/Src/main.o
 .text.MX_USART6_UART_Init
                0x080026f4       0x54 ./Core/Src/main.o
 .text.MX_GPIO_Init
                0x08002748      0x100 ./Core/Src/main.o
 .text.arm_disarm
                0x08002848      0x104 ./Core/Src/main.o
                0x08002848                arm_disarm
 .text.mode_handler
                0x0800294c      0x134 ./Core/Src/main.o
                0x0800294c                mode_handler
 .text.debounce_task
                0x08002a80       0x34 ./Core/Src/main.o
                0x08002a80                debounce_task
 .text.quad_mode
                0x08002ab4      0xe00 ./Core/Src/main.o
                0x08002ab4                quad_mode
 .text.telemetry_task
                0x080038b4       0xfc ./Core/Src/main.o
                0x080038b4                telemetry_task
 .text.fw_mode  0x080039b0      0x4bc ./Core/Src/main.o
                0x080039b0                fw_mode
 .text.vtol_task
                0x08003e6c       0x16 ./Core/Src/main.o
                0x08003e6c                vtol_task
 *fill*         0x08003e82        0x2 
 .text.HAL_TIM_PeriodElapsedCallback
                0x08003e84       0x48 ./Core/Src/main.o
                0x08003e84                HAL_TIM_PeriodElapsedCallback
 .text.Error_Handler
                0x08003ecc        0xc ./Core/Src/main.o
                0x08003ecc                Error_Handler
 .text.crc_accumulate
                0x08003ed8       0x6a ./Core/Src/mav_messages.o
 .text.crc_init
                0x08003f42       0x1c ./Core/Src/mav_messages.o
 .text.crc_calculate
                0x08003f5e       0x40 ./Core/Src/mav_messages.o
 .text.crc_accumulate_buffer
                0x08003f9e       0x38 ./Core/Src/mav_messages.o
 *fill*         0x08003fd6        0x2 
 .text.mavlink_sha256_init
                0x08003fd8       0x70 ./Core/Src/mav_messages.o
 .text.mavlink_sha256_calc
                0x08004048      0x3c0 ./Core/Src/mav_messages.o
 .text.mavlink_sha256_update
                0x08004408      0x104 ./Core/Src/mav_messages.o
 .text.mavlink_sha256_final_48
                0x0800450c      0x12e ./Core/Src/mav_messages.o
 *fill*         0x0800463a        0x2 
 .text.mavlink_get_channel_status
                0x0800463c       0x28 ./Core/Src/mav_messages.o
 .text.mavlink_sign_packet
                0x08004664       0xcc ./Core/Src/mav_messages.o
 .text._mav_trim_payload
                0x08004730       0x36 ./Core/Src/mav_messages.o
 .text.mavlink_finalize_message_buffer
                0x08004766      0x26e ./Core/Src/mav_messages.o
 .text.mavlink_finalize_message_chan
                0x080049d4       0x48 ./Core/Src/mav_messages.o
 .text.mavlink_finalize_message
                0x08004a1c       0x3c ./Core/Src/mav_messages.o
 .text.mavlink_msg_to_send_buffer
                0x08004a58      0x1be ./Core/Src/mav_messages.o
 .text.mav_array_assign_char
                0x08004c16       0x30 ./Core/Src/mav_messages.o
 .text.mavlink_msg_statustext_pack
                0x08004c46       0x9c ./Core/Src/mav_messages.o
 *fill*         0x08004ce2        0x2 
 .text.send_status_text
                0x08004ce4       0x80 ./Core/Src/mav_messages.o
                0x08004ce4                send_status_text
 .text.Kalman_Init
                0x08004d64       0x44 ./Core/Src/mpu6050.o
                0x08004d64                Kalman_Init
 .text.mpu_init
                0x08004da8       0xdc ./Core/Src/mpu6050.o
                0x08004da8                mpu_init
 .text.mpu_gyro_read
                0x08004e84       0xb0 ./Core/Src/mpu6050.o
                0x08004e84                mpu_gyro_read
 .text.mpu_accel_read
                0x08004f34       0xc4 ./Core/Src/mpu6050.o
                0x08004f34                mpu_accel_read
 .text.mpu_roll_pitch_read_accel
                0x08004ff8      0x104 ./Core/Src/mpu6050.o
                0x08004ff8                mpu_roll_pitch_read_accel
 .text.mpu_roll_pitch_calibration_accel
                0x080050fc       0x84 ./Core/Src/mpu6050.o
                0x080050fc                mpu_roll_pitch_calibration_accel
 .text.mpu_gyro_calibration
                0x08005180       0xb0 ./Core/Src/mpu6050.o
                0x08005180                mpu_gyro_calibration
 .text.Kalman_get_angle
                0x08005230      0x3d6 ./Core/Src/mpu6050.o
                0x08005230                Kalman_get_angle
 *fill*         0x08005606        0x2 
 .text.mpu_get_kalman_angles
                0x08005608      0x140 ./Core/Src/mpu6050.o
                0x08005608                mpu_get_kalman_angles
 .text.HAL_MspInit
                0x08005748       0x58 ./Core/Src/stm32f4xx_hal_msp.o
                0x08005748                HAL_MspInit
 .text.HAL_I2C_MspInit
                0x080057a0       0x90 ./Core/Src/stm32f4xx_hal_msp.o
                0x080057a0                HAL_I2C_MspInit
 .text.HAL_TIM_Base_MspInit
                0x08005830      0x15c ./Core/Src/stm32f4xx_hal_msp.o
                0x08005830                HAL_TIM_Base_MspInit
 .text.HAL_TIM_MspPostInit
                0x0800598c      0x13c ./Core/Src/stm32f4xx_hal_msp.o
                0x0800598c                HAL_TIM_MspPostInit
 .text.HAL_UART_MspInit
                0x08005ac8      0x164 ./Core/Src/stm32f4xx_hal_msp.o
                0x08005ac8                HAL_UART_MspInit
 .text.HAL_InitTick
                0x08005c2c       0xe4 ./Core/Src/stm32f4xx_hal_timebase_tim.o
                0x08005c2c                HAL_InitTick
 .text.NMI_Handler
                0x08005d10        0x8 ./Core/Src/stm32f4xx_it.o
                0x08005d10                NMI_Handler
 .text.HardFault_Handler
                0x08005d18        0x8 ./Core/Src/stm32f4xx_it.o
                0x08005d18                HardFault_Handler
 .text.MemManage_Handler
                0x08005d20        0x8 ./Core/Src/stm32f4xx_it.o
                0x08005d20                MemManage_Handler
 .text.BusFault_Handler
                0x08005d28        0x8 ./Core/Src/stm32f4xx_it.o
                0x08005d28                BusFault_Handler
 .text.UsageFault_Handler
                0x08005d30        0x8 ./Core/Src/stm32f4xx_it.o
                0x08005d30                UsageFault_Handler
 .text.DebugMon_Handler
                0x08005d38        0xe ./Core/Src/stm32f4xx_it.o
                0x08005d38                DebugMon_Handler
 .text.EXTI0_IRQHandler
                0x08005d46        0xe ./Core/Src/stm32f4xx_it.o
                0x08005d46                EXTI0_IRQHandler
 .text.TIM1_UP_TIM10_IRQHandler
                0x08005d54       0x14 ./Core/Src/stm32f4xx_it.o
                0x08005d54                TIM1_UP_TIM10_IRQHandler
 .text.TIM1_TRG_COM_TIM11_IRQHandler
                0x08005d68       0x14 ./Core/Src/stm32f4xx_it.o
                0x08005d68                TIM1_TRG_COM_TIM11_IRQHandler
 .text.TIM4_IRQHandler
                0x08005d7c       0x14 ./Core/Src/stm32f4xx_it.o
                0x08005d7c                TIM4_IRQHandler
 .text._getpid  0x08005d90       0x10 ./Core/Src/syscalls.o
                0x08005d90                _getpid
 .text._kill    0x08005da0       0x20 ./Core/Src/syscalls.o
                0x08005da0                _kill
 .text._exit    0x08005dc0       0x16 ./Core/Src/syscalls.o
                0x08005dc0                _exit
 .text._read    0x08005dd6       0x3a ./Core/Src/syscalls.o
                0x08005dd6                _read
 .text._write   0x08005e10       0x38 ./Core/Src/syscalls.o
                0x08005e10                _write
 .text._close   0x08005e48       0x18 ./Core/Src/syscalls.o
                0x08005e48                _close
 .text._fstat   0x08005e60       0x20 ./Core/Src/syscalls.o
                0x08005e60                _fstat
 .text._isatty  0x08005e80       0x16 ./Core/Src/syscalls.o
                0x08005e80                _isatty
 .text._lseek   0x08005e96       0x1a ./Core/Src/syscalls.o
                0x08005e96                _lseek
 .text._sbrk    0x08005eb0       0x6c ./Core/Src/sysmem.o
                0x08005eb0                _sbrk
 .text.SystemInit
                0x08005f1c       0x24 ./Core/Src/system_stm32f4xx.o
                0x08005f1c                SystemInit
 .text.Reset_Handler
                0x08005f40       0x50 ./Core/Startup/startup_stm32f411ceux.o
                0x08005f40                Reset_Handler
 .text.Default_Handler
                0x08005f90        0x2 ./Core/Startup/startup_stm32f411ceux.o
                0x08005f90                RTC_Alarm_IRQHandler
                0x08005f90                EXTI2_IRQHandler
                0x08005f90                SPI4_IRQHandler
                0x08005f90                TIM1_CC_IRQHandler
                0x08005f90                DMA2_Stream5_IRQHandler
                0x08005f90                DMA1_Stream5_IRQHandler
                0x08005f90                PVD_IRQHandler
                0x08005f90                SDIO_IRQHandler
                0x08005f90                TAMP_STAMP_IRQHandler
                0x08005f90                EXTI3_IRQHandler
                0x08005f90                I2C3_ER_IRQHandler
                0x08005f90                I2C2_EV_IRQHandler
                0x08005f90                DMA1_Stream2_IRQHandler
                0x08005f90                FPU_IRQHandler
                0x08005f90                DMA2_Stream2_IRQHandler
                0x08005f90                SPI1_IRQHandler
                0x08005f90                TIM1_BRK_TIM9_IRQHandler
                0x08005f90                DMA2_Stream3_IRQHandler
                0x08005f90                USART6_IRQHandler
                0x08005f90                DMA2_Stream0_IRQHandler
                0x08005f90                I2C1_EV_IRQHandler
                0x08005f90                DMA1_Stream6_IRQHandler
                0x08005f90                DMA1_Stream1_IRQHandler
                0x08005f90                TIM3_IRQHandler
                0x08005f90                RCC_IRQHandler
                0x08005f90                Default_Handler
                0x08005f90                EXTI15_10_IRQHandler
                0x08005f90                ADC_IRQHandler
                0x08005f90                DMA1_Stream7_IRQHandler
                0x08005f90                SPI5_IRQHandler
                0x08005f90                TIM5_IRQHandler
                0x08005f90                DMA2_Stream7_IRQHandler
                0x08005f90                I2C3_EV_IRQHandler
                0x08005f90                EXTI9_5_IRQHandler
                0x08005f90                RTC_WKUP_IRQHandler
                0x08005f90                SPI2_IRQHandler
                0x08005f90                DMA1_Stream0_IRQHandler
                0x08005f90                EXTI4_IRQHandler
                0x08005f90                WWDG_IRQHandler
                0x08005f90                TIM2_IRQHandler
                0x08005f90                OTG_FS_WKUP_IRQHandler
                0x08005f90                EXTI1_IRQHandler
                0x08005f90                USART2_IRQHandler
                0x08005f90                I2C2_ER_IRQHandler
                0x08005f90                DMA2_Stream1_IRQHandler
                0x08005f90                FLASH_IRQHandler
                0x08005f90                DMA2_Stream4_IRQHandler
                0x08005f90                USART1_IRQHandler
                0x08005f90                OTG_FS_IRQHandler
                0x08005f90                SPI3_IRQHandler
                0x08005f90                DMA1_Stream4_IRQHandler
                0x08005f90                I2C1_ER_IRQHandler
                0x08005f90                DMA2_Stream6_IRQHandler
                0x08005f90                DMA1_Stream3_IRQHandler
 *fill*         0x08005f92        0x2 
 .text.HAL_Init
                0x08005f94       0x44 ./Drivers/STM32F4xx_HAL_Driver/Src/stm32f4xx_hal.o
                0x08005f94                HAL_Init
 .text.HAL_IncTick
                0x08005fd8       0x28 ./Drivers/STM32F4xx_HAL_Driver/Src/stm32f4xx_hal.o
                0x08005fd8                HAL_IncTick
 .text.HAL_GetTick
                0x08006000       0x18 ./Drivers/STM32F4xx_HAL_Driver/Src/stm32f4xx_hal.o
                0x08006000                HAL_GetTick
 .text.HAL_Delay
                0x08006018       0x48 ./Drivers/STM32F4xx_HAL_Driver/Src/stm32f4xx_hal.o
                0x08006018                HAL_Delay
 .text.__NVIC_SetPriorityGrouping
                0x08006060       0x48 ./Drivers/STM32F4xx_HAL_Driver/Src/stm32f4xx_hal_cortex.o
 .text.__NVIC_GetPriorityGrouping
                0x080060a8       0x1c ./Drivers/STM32F4xx_HAL_Driver/Src/stm32f4xx_hal_cortex.o
 .text.__NVIC_EnableIRQ
                0x080060c4       0x3c ./Drivers/STM32F4xx_HAL_Driver/Src/stm32f4xx_hal_cortex.o
 .text.__NVIC_SetPriority
                0x08006100       0x54 ./Drivers/STM32F4xx_HAL_Driver/Src/stm32f4xx_hal_cortex.o
 .text.NVIC_EncodePriority
                0x08006154       0x66 ./Drivers/STM32F4xx_HAL_Driver/Src/stm32f4xx_hal_cortex.o
 .text.HAL_NVIC_SetPriorityGrouping
                0x080061ba       0x16 ./Drivers/STM32F4xx_HAL_Driver/Src/stm32f4xx_hal_cortex.o
                0x080061ba                HAL_NVIC_SetPriorityGrouping
 .text.HAL_NVIC_SetPriority
                0x080061d0       0x38 ./Drivers/STM32F4xx_HAL_Driver/Src/stm32f4xx_hal_cortex.o
                0x080061d0                HAL_NVIC_SetPriority
 .text.HAL_NVIC_EnableIRQ
                0x08006208       0x1c ./Drivers/STM32F4xx_HAL_Driver/Src/stm32f4xx_hal_cortex.o
                0x08006208                HAL_NVIC_EnableIRQ
 .text.HAL_GPIO_Init
                0x08006224      0x308 ./Drivers/STM32F4xx_HAL_Driver/Src/stm32f4xx_hal_gpio.o
                0x08006224                HAL_GPIO_Init
 .text.HAL_GPIO_WritePin
                0x0800652c       0x32 ./Drivers/STM32F4xx_HAL_Driver/Src/stm32f4xx_hal_gpio.o
                0x0800652c                HAL_GPIO_WritePin
 .text.HAL_GPIO_TogglePin
                0x0800655e       0x34 ./Drivers/STM32F4xx_HAL_Driver/Src/stm32f4xx_hal_gpio.o
                0x0800655e                HAL_GPIO_TogglePin
 *fill*         0x08006592        0x2 
 .text.HAL_GPIO_EXTI_IRQHandler
                0x08006594       0x30 ./Drivers/STM32F4xx_HAL_Driver/Src/stm32f4xx_hal_gpio.o
                0x08006594                HAL_GPIO_EXTI_IRQHandler
 .text.HAL_I2C_Init
                0x080065c4      0x288 ./Drivers/STM32F4xx_HAL_Driver/Src/stm32f4xx_hal_i2c.o
                0x080065c4                HAL_I2C_Init
 .text.HAL_I2C_Mem_Write
                0x0800684c      0x1f4 ./Drivers/STM32F4xx_HAL_Driver/Src/stm32f4xx_hal_i2c.o
                0x0800684c                HAL_I2C_Mem_Write
 .text.HAL_I2C_Mem_Read
                0x08006a40      0x464 ./Drivers/STM32F4xx_HAL_Driver/Src/stm32f4xx_hal_i2c.o
                0x08006a40                HAL_I2C_Mem_Read
 .text.I2C_RequestMemoryWrite
                0x08006ea4      0x12c ./Drivers/STM32F4xx_HAL_Driver/Src/stm32f4xx_hal_i2c.o
 .text.I2C_RequestMemoryRead
                0x08006fd0      0x1d0 ./Drivers/STM32F4xx_HAL_Driver/Src/stm32f4xx_hal_i2c.o
 .text.I2C_WaitOnFlagUntilTimeout
                0x080071a0       0xf4 ./Drivers/STM32F4xx_HAL_Driver/Src/stm32f4xx_hal_i2c.o
 .text.I2C_WaitOnMasterAddressFlagUntilTimeout
                0x08007294      0x140 ./Drivers/STM32F4xx_HAL_Driver/Src/stm32f4xx_hal_i2c.o
 .text.I2C_WaitOnTXEFlagUntilTimeout
                0x080073d4       0x90 ./Drivers/STM32F4xx_HAL_Driver/Src/stm32f4xx_hal_i2c.o
 .text.I2C_WaitOnBTFFlagUntilTimeout
                0x08007464       0x90 ./Drivers/STM32F4xx_HAL_Driver/Src/stm32f4xx_hal_i2c.o
 .text.I2C_WaitOnRXNEFlagUntilTimeout
                0x080074f4       0xba ./Drivers/STM32F4xx_HAL_Driver/Src/stm32f4xx_hal_i2c.o
 .text.I2C_IsAcknowledgeFailed
                0x080075ae       0x5e ./Drivers/STM32F4xx_HAL_Driver/Src/stm32f4xx_hal_i2c.o
 .text.HAL_RCC_OscConfig
                0x0800760c      0x4f0 ./Drivers/STM32F4xx_HAL_Driver/Src/stm32f4xx_hal_rcc.o
                0x0800760c                HAL_RCC_OscConfig
 .text.HAL_RCC_ClockConfig
                0x08007afc      0x1cc ./Drivers/STM32F4xx_HAL_Driver/Src/stm32f4xx_hal_rcc.o
                0x08007afc                HAL_RCC_ClockConfig
 .text.HAL_RCC_GetSysClockFreq
                0x08007cc8      0x188 ./Drivers/STM32F4xx_HAL_Driver/Src/stm32f4xx_hal_rcc.o
                0x08007cc8                HAL_RCC_GetSysClockFreq
 .text.HAL_RCC_GetHCLKFreq
                0x08007e50       0x18 ./Drivers/STM32F4xx_HAL_Driver/Src/stm32f4xx_hal_rcc.o
                0x08007e50                HAL_RCC_GetHCLKFreq
 .text.HAL_RCC_GetPCLK1Freq
                0x08007e68       0x28 ./Drivers/STM32F4xx_HAL_Driver/Src/stm32f4xx_hal_rcc.o
                0x08007e68                HAL_RCC_GetPCLK1Freq
 .text.HAL_RCC_GetPCLK2Freq
                0x08007e90       0x28 ./Drivers/STM32F4xx_HAL_Driver/Src/stm32f4xx_hal_rcc.o
                0x08007e90                HAL_RCC_GetPCLK2Freq
 .text.HAL_RCC_GetClockConfig
                0x08007eb8       0x64 ./Drivers/STM32F4xx_HAL_Driver/Src/stm32f4xx_hal_rcc.o
                0x08007eb8                HAL_RCC_GetClockConfig
 .text.HAL_TIM_Base_Init
                0x08007f1c       0x9e ./Drivers/STM32F4xx_HAL_Driver/Src/stm32f4xx_hal_tim.o
                0x08007f1c                HAL_TIM_Base_Init
 *fill*         0x08007fba        0x2 
 .text.HAL_TIM_Base_Start
                0x08007fbc       0xb4 ./Drivers/STM32F4xx_HAL_Driver/Src/stm32f4xx_hal_tim.o
                0x08007fbc                HAL_TIM_Base_Start
 .text.HAL_TIM_Base_Start_IT
                0x08008070       0xc4 ./Drivers/STM32F4xx_HAL_Driver/Src/stm32f4xx_hal_tim.o
                0x08008070                HAL_TIM_Base_Start_IT
 .text.HAL_TIM_PWM_Init
                0x08008134       0x9e ./Drivers/STM32F4xx_HAL_Driver/Src/stm32f4xx_hal_tim.o
                0x08008134                HAL_TIM_PWM_Init
 .text.HAL_TIM_PWM_MspInit
                0x080081d2       0x14 ./Drivers/STM32F4xx_HAL_Driver/Src/stm32f4xx_hal_tim.o
                0x080081d2                HAL_TIM_PWM_MspInit
 *fill*         0x080081e6        0x2 
 .text.HAL_TIM_PWM_Start
                0x080081e8      0x160 ./Drivers/STM32F4xx_HAL_Driver/Src/stm32f4xx_hal_tim.o
                0x080081e8                HAL_TIM_PWM_Start
 .text.HAL_TIM_PWM_Stop
                0x08008348       0xc8 ./Drivers/STM32F4xx_HAL_Driver/Src/stm32f4xx_hal_tim.o
                0x08008348                HAL_TIM_PWM_Stop
 .text.HAL_TIM_IC_Init
                0x08008410       0x9e ./Drivers/STM32F4xx_HAL_Driver/Src/stm32f4xx_hal_tim.o
                0x08008410                HAL_TIM_IC_Init
 .text.HAL_TIM_IC_MspInit
                0x080084ae       0x14 ./Drivers/STM32F4xx_HAL_Driver/Src/stm32f4xx_hal_tim.o
                0x080084ae                HAL_TIM_IC_MspInit
 *fill*         0x080084c2        0x2 
 .text.HAL_TIM_IC_Start_IT
                0x080084c4      0x234 ./Drivers/STM32F4xx_HAL_Driver/Src/stm32f4xx_hal_tim.o
                0x080084c4                HAL_TIM_IC_Start_IT
 .text.HAL_TIM_IRQHandler
                0x080086f8      0x1e0 ./Drivers/STM32F4xx_HAL_Driver/Src/stm32f4xx_hal_tim.o
                0x080086f8                HAL_TIM_IRQHandler
 .text.HAL_TIM_IC_ConfigChannel
                0x080088d8      0x138 ./Drivers/STM32F4xx_HAL_Driver/Src/stm32f4xx_hal_tim.o
                0x080088d8                HAL_TIM_IC_ConfigChannel
 .text.HAL_TIM_PWM_ConfigChannel
                0x08008a10      0x184 ./Drivers/STM32F4xx_HAL_Driver/Src/stm32f4xx_hal_tim.o
                0x08008a10                HAL_TIM_PWM_ConfigChannel
 .text.HAL_TIM_ConfigClockSource
                0x08008b94      0x18e ./Drivers/STM32F4xx_HAL_Driver/Src/stm32f4xx_hal_tim.o
                0x08008b94                HAL_TIM_ConfigClockSource
 *fill*         0x08008d22        0x2 
 .text.HAL_TIM_ReadCapturedValue
                0x08008d24       0x88 ./Drivers/STM32F4xx_HAL_Driver/Src/stm32f4xx_hal_tim.o
                0x08008d24                HAL_TIM_ReadCapturedValue
 .text.HAL_TIM_OC_DelayElapsedCallback
                0x08008dac       0x14 ./Drivers/STM32F4xx_HAL_Driver/Src/stm32f4xx_hal_tim.o
                0x08008dac                HAL_TIM_OC_DelayElapsedCallback
 .text.HAL_TIM_PWM_PulseFinishedCallback
                0x08008dc0       0x14 ./Drivers/STM32F4xx_HAL_Driver/Src/stm32f4xx_hal_tim.o
                0x08008dc0                HAL_TIM_PWM_PulseFinishedCallback
 .text.HAL_TIM_TriggerCallback
                0x08008dd4       0x14 ./Drivers/STM32F4xx_HAL_Driver/Src/stm32f4xx_hal_tim.o
                0x08008dd4                HAL_TIM_TriggerCallback
 .text.TIM_Base_SetConfig
                0x08008de8      0x10c ./Drivers/STM32F4xx_HAL_Driver/Src/stm32f4xx_hal_tim.o
                0x08008de8                TIM_Base_SetConfig
 .text.TIM_OC1_SetConfig
                0x08008ef4       0xcc ./Drivers/STM32F4xx_HAL_Driver/Src/stm32f4xx_hal_tim.o
 .text.TIM_OC2_SetConfig
                0x08008fc0       0xd8 ./Drivers/STM32F4xx_HAL_Driver/Src/stm32f4xx_hal_tim.o
                0x08008fc0                TIM_OC2_SetConfig
 .text.TIM_OC3_SetConfig
                0x08009098       0xd4 ./Drivers/STM32F4xx_HAL_Driver/Src/stm32f4xx_hal_tim.o
 .text.TIM_OC4_SetConfig
                0x0800916c       0xa0 ./Drivers/STM32F4xx_HAL_Driver/Src/stm32f4xx_hal_tim.o
 .text.TIM_TI1_SetConfig
                0x0800920c       0xd0 ./Drivers/STM32F4xx_HAL_Driver/Src/stm32f4xx_hal_tim.o
                0x0800920c                TIM_TI1_SetConfig
 .text.TIM_TI1_ConfigInputStage
                0x080092dc       0x5e ./Drivers/STM32F4xx_HAL_Driver/Src/stm32f4xx_hal_tim.o
 .text.TIM_TI2_SetConfig
                0x0800933a       0x7a ./Drivers/STM32F4xx_HAL_Driver/Src/stm32f4xx_hal_tim.o
 .text.TIM_TI2_ConfigInputStage
                0x080093b4       0x60 ./Drivers/STM32F4xx_HAL_Driver/Src/stm32f4xx_hal_tim.o
 .text.TIM_TI3_SetConfig
                0x08009414       0x78 ./Drivers/STM32F4xx_HAL_Driver/Src/stm32f4xx_hal_tim.o
 .text.TIM_TI4_SetConfig
                0x0800948c       0x7a ./Drivers/STM32F4xx_HAL_Driver/Src/stm32f4xx_hal_tim.o
 .text.TIM_ITRx_SetConfig
                0x08009506       0x36 ./Drivers/STM32F4xx_HAL_Driver/Src/stm32f4xx_hal_tim.o
 .text.TIM_ETR_SetConfig
                0x0800953c       0x40 ./Drivers/STM32F4xx_HAL_Driver/Src/stm32f4xx_hal_tim.o
                0x0800953c                TIM_ETR_SetConfig
 .text.TIM_CCxChannelCmd
                0x0800957c       0x4a ./Drivers/STM32F4xx_HAL_Driver/Src/stm32f4xx_hal_tim.o
                0x0800957c                TIM_CCxChannelCmd
 *fill*         0x080095c6        0x2 
 .text.HAL_TIMEx_MasterConfigSynchronization
                0x080095c8       0xdc ./Drivers/STM32F4xx_HAL_Driver/Src/stm32f4xx_hal_tim_ex.o
                0x080095c8                HAL_TIMEx_MasterConfigSynchronization
 .text.HAL_TIMEx_CommutCallback
                0x080096a4       0x14 ./Drivers/STM32F4xx_HAL_Driver/Src/stm32f4xx_hal_tim_ex.o
                0x080096a4                HAL_TIMEx_CommutCallback
 .text.HAL_TIMEx_BreakCallback
                0x080096b8       0x14 ./Drivers/STM32F4xx_HAL_Driver/Src/stm32f4xx_hal_tim_ex.o
                0x080096b8                HAL_TIMEx_BreakCallback
 .text.HAL_UART_Init
                0x080096cc       0xa0 ./Drivers/STM32F4xx_HAL_Driver/Src/stm32f4xx_hal_uart.o
                0x080096cc                HAL_UART_Init
 .text.HAL_UART_Transmit
                0x0800976c      0x116 ./Drivers/STM32F4xx_HAL_Driver/Src/stm32f4xx_hal_uart.o
                0x0800976c                HAL_UART_Transmit
 .text.UART_WaitOnFlagUntilTimeout
                0x08009882       0xb2 ./Drivers/STM32F4xx_HAL_Driver/Src/stm32f4xx_hal_uart.o
 .text.UART_EndRxTransfer
                0x08009934       0xc6 ./Drivers/STM32F4xx_HAL_Driver/Src/stm32f4xx_hal_uart.o
 *fill*         0x080099fa        0x2 
 .text.UART_SetConfig
                0x080099fc      0x4e8 ./Drivers/STM32F4xx_HAL_Driver/Src/stm32f4xx_hal_uart.o
 .text.__NVIC_SetPriority
                0x08009ee4       0x54 ./Middlewares/Third_Party/FreeRTOS/Source/CMSIS_RTOS_V2/cmsis_os2.o
 .text.SysTick_Handler
                0x08009f38       0x20 ./Middlewares/Third_Party/FreeRTOS/Source/CMSIS_RTOS_V2/cmsis_os2.o
                0x08009f38                SysTick_Handler
 .text.SVC_Setup
                0x08009f58       0x12 ./Middlewares/Third_Party/FreeRTOS/Source/CMSIS_RTOS_V2/cmsis_os2.o
 *fill*         0x08009f6a        0x2 
 .text.osKernelInitialize
                0x08009f6c       0x48 ./Middlewares/Third_Party/FreeRTOS/Source/CMSIS_RTOS_V2/cmsis_os2.o
                0x08009f6c                osKernelInitialize
 .text.osKernelStart
                0x08009fb4       0x4c ./Middlewares/Third_Party/FreeRTOS/Source/CMSIS_RTOS_V2/cmsis_os2.o
                0x08009fb4                osKernelStart
 .text.osKernelGetTickCount
                0x0800a000       0x2a ./Middlewares/Third_Party/FreeRTOS/Source/CMSIS_RTOS_V2/cmsis_os2.o
                0x0800a000                osKernelGetTickCount
 .text.osThreadNew
                0x0800a02a      0x124 ./Middlewares/Third_Party/FreeRTOS/Source/CMSIS_RTOS_V2/cmsis_os2.o
                0x0800a02a                osThreadNew
 .text.osThreadTerminate
                0x0800a14e       0x5a ./Middlewares/Third_Party/FreeRTOS/Source/CMSIS_RTOS_V2/cmsis_os2.o
                0x0800a14e                osThreadTerminate
 .text.osDelay  0x0800a1a8       0x36 ./Middlewares/Third_Party/FreeRTOS/Source/CMSIS_RTOS_V2/cmsis_os2.o
                0x0800a1a8                osDelay
 .text.osSemaphoreNew
                0x0800a1de      0x112 ./Middlewares/Third_Party/FreeRTOS/Source/CMSIS_RTOS_V2/cmsis_os2.o
                0x0800a1de                osSemaphoreNew
 .text.osSemaphoreAcquire
                0x0800a2f0       0xa4 ./Middlewares/Third_Party/FreeRTOS/Source/CMSIS_RTOS_V2/cmsis_os2.o
                0x0800a2f0                osSemaphoreAcquire
 .text.osSemaphoreRelease
                0x0800a394       0x88 ./Middlewares/Third_Party/FreeRTOS/Source/CMSIS_RTOS_V2/cmsis_os2.o
                0x0800a394                osSemaphoreRelease
 .text.vApplicationGetIdleTaskMemory
                0x0800a41c       0x34 ./Middlewares/Third_Party/FreeRTOS/Source/CMSIS_RTOS_V2/cmsis_os2.o
                0x0800a41c                vApplicationGetIdleTaskMemory
 .text.vApplicationGetTimerTaskMemory
                0x0800a450       0x34 ./Middlewares/Third_Party/FreeRTOS/Source/CMSIS_RTOS_V2/cmsis_os2.o
                0x0800a450                vApplicationGetTimerTaskMemory
 .text.vListInitialise
                0x0800a484       0x40 ./Middlewares/Third_Party/FreeRTOS/Source/list.o
                0x0800a484                vListInitialise
 .text.vListInitialiseItem
                0x0800a4c4       0x1a ./Middlewares/Third_Party/FreeRTOS/Source/list.o
                0x0800a4c4                vListInitialiseItem
 .text.vListInsertEnd
                0x0800a4de       0x48 ./Middlewares/Third_Party/FreeRTOS/Source/list.o
                0x0800a4de                vListInsertEnd
 .text.vListInsert
                0x0800a526       0x72 ./Middlewares/Third_Party/FreeRTOS/Source/list.o
                0x0800a526                vListInsert
 .text.uxListRemove
                0x0800a598       0x54 ./Middlewares/Third_Party/FreeRTOS/Source/list.o
                0x0800a598                uxListRemove
 .text.xQueueGenericReset
                0x0800a5ec       0xd4 ./Middlewares/Third_Party/FreeRTOS/Source/queue.o
                0x0800a5ec                xQueueGenericReset
 .text.xQueueGenericCreateStatic
                0x0800a6c0       0xfa ./Middlewares/Third_Party/FreeRTOS/Source/queue.o
                0x0800a6c0                xQueueGenericCreateStatic
 .text.xQueueGenericCreate
                0x0800a7ba       0x76 ./Middlewares/Third_Party/FreeRTOS/Source/queue.o
                0x0800a7ba                xQueueGenericCreate
 .text.prvInitialiseNewQueue
                0x0800a830       0x46 ./Middlewares/Third_Party/FreeRTOS/Source/queue.o
 .text.xQueueCreateCountingSemaphoreStatic
                0x0800a876       0x72 ./Middlewares/Third_Party/FreeRTOS/Source/queue.o
                0x0800a876                xQueueCreateCountingSemaphoreStatic
 .text.xQueueCreateCountingSemaphore
                0x0800a8e8       0x6a ./Middlewares/Third_Party/FreeRTOS/Source/queue.o
                0x0800a8e8                xQueueCreateCountingSemaphore
 *fill*         0x0800a952        0x2 
 .text.xQueueGenericSend
                0x0800a954      0x204 ./Middlewares/Third_Party/FreeRTOS/Source/queue.o
                0x0800a954                xQueueGenericSend
 .text.xQueueGenericSendFromISR
                0x0800ab58      0x13c ./Middlewares/Third_Party/FreeRTOS/Source/queue.o
                0x0800ab58                xQueueGenericSendFromISR
 .text.xQueueGiveFromISR
                0x0800ac94      0x120 ./Middlewares/Third_Party/FreeRTOS/Source/queue.o
                0x0800ac94                xQueueGiveFromISR
 .text.xQueueReceive
                0x0800adb4      0x1c4 ./Middlewares/Third_Party/FreeRTOS/Source/queue.o
                0x0800adb4                xQueueReceive
 .text.xQueueSemaphoreTake
                0x0800af78      0x220 ./Middlewares/Third_Party/FreeRTOS/Source/queue.o
                0x0800af78                xQueueSemaphoreTake
 .text.xQueueReceiveFromISR
                0x0800b198      0x104 ./Middlewares/Third_Party/FreeRTOS/Source/queue.o
                0x0800b198                xQueueReceiveFromISR
 .text.vQueueDelete
                0x0800b29c       0x48 ./Middlewares/Third_Party/FreeRTOS/Source/queue.o
                0x0800b29c                vQueueDelete
 .text.prvGetDisinheritPriorityAfterTimeout
                0x0800b2e4       0x30 ./Middlewares/Third_Party/FreeRTOS/Source/queue.o
 .text.prvCopyDataToQueue
                0x0800b314       0xd4 ./Middlewares/Third_Party/FreeRTOS/Source/queue.o
 .text.prvCopyDataFromQueue
                0x0800b3e8       0x4c ./Middlewares/Third_Party/FreeRTOS/Source/queue.o
 .text.prvUnlockQueue
                0x0800b434       0xa4 ./Middlewares/Third_Party/FreeRTOS/Source/queue.o
 .text.prvIsQueueEmpty
                0x0800b4d8       0x2c ./Middlewares/Third_Party/FreeRTOS/Source/queue.o
 .text.prvIsQueueFull
                0x0800b504       0x30 ./Middlewares/Third_Party/FreeRTOS/Source/queue.o
 .text.vQueueAddToRegistry
                0x0800b534       0x54 ./Middlewares/Third_Party/FreeRTOS/Source/queue.o
                0x0800b534                vQueueAddToRegistry
 .text.vQueueUnregisterQueue
                0x0800b588       0x54 ./Middlewares/Third_Party/FreeRTOS/Source/queue.o
                0x0800b588                vQueueUnregisterQueue
 .text.vQueueWaitForMessageRestricted
                0x0800b5dc       0x68 ./Middlewares/Third_Party/FreeRTOS/Source/queue.o
                0x0800b5dc                vQueueWaitForMessageRestricted
 .text.xTaskCreateStatic
                0x0800b644       0xc0 ./Middlewares/Third_Party/FreeRTOS/Source/tasks.o
                0x0800b644                xTaskCreateStatic
 .text.xTaskCreate
                0x0800b704       0x8a ./Middlewares/Third_Party/FreeRTOS/Source/tasks.o
                0x0800b704                xTaskCreate
 *fill*         0x0800b78e        0x2 
 .text.prvInitialiseNewTask
                0x0800b790      0x150 ./Middlewares/Third_Party/FreeRTOS/Source/tasks.o
 .text.prvAddNewTaskToReadyList
                0x0800b8e0       0xe0 ./Middlewares/Third_Party/FreeRTOS/Source/tasks.o
 .text.vTaskDelete
                0x0800b9c0       0xe8 ./Middlewares/Third_Party/FreeRTOS/Source/tasks.o
                0x0800b9c0                vTaskDelete
 .text.vTaskDelay
                0x0800baa8       0x6c ./Middlewares/Third_Party/FreeRTOS/Source/tasks.o
                0x0800baa8                vTaskDelay
 .text.eTaskGetState
                0x0800bb14       0xd0 ./Middlewares/Third_Party/FreeRTOS/Source/tasks.o
                0x0800bb14                eTaskGetState
 .text.vTaskStartScheduler
                0x0800bbe4       0xe0 ./Middlewares/Third_Party/FreeRTOS/Source/tasks.o
                0x0800bbe4                vTaskStartScheduler
 .text.vTaskSuspendAll
                0x0800bcc4       0x1c ./Middlewares/Third_Party/FreeRTOS/Source/tasks.o
                0x0800bcc4                vTaskSuspendAll
 .text.xTaskResumeAll
                0x0800bce0      0x13c ./Middlewares/Third_Party/FreeRTOS/Source/tasks.o
                0x0800bce0                xTaskResumeAll
 .text.xTaskGetTickCount
                0x0800be1c       0x20 ./Middlewares/Third_Party/FreeRTOS/Source/tasks.o
                0x0800be1c                xTaskGetTickCount
 .text.xTaskGetTickCountFromISR
                0x0800be3c       0x24 ./Middlewares/Third_Party/FreeRTOS/Source/tasks.o
                0x0800be3c                xTaskGetTickCountFromISR
 .text.xTaskIncrementTick
                0x0800be60      0x174 ./Middlewares/Third_Party/FreeRTOS/Source/tasks.o
                0x0800be60                xTaskIncrementTick
 .text.vTaskSwitchContext
                0x0800bfd4       0xcc ./Middlewares/Third_Party/FreeRTOS/Source/tasks.o
                0x0800bfd4                vTaskSwitchContext
 .text.vTaskPlaceOnEventList
                0x0800c0a0       0x4c ./Middlewares/Third_Party/FreeRTOS/Source/tasks.o
                0x0800c0a0                vTaskPlaceOnEventList
 .text.vTaskPlaceOnEventListRestricted
                0x0800c0ec       0x58 ./Middlewares/Third_Party/FreeRTOS/Source/tasks.o
                0x0800c0ec                vTaskPlaceOnEventListRestricted
 .text.xTaskRemoveFromEventList
                0x0800c144       0xc8 ./Middlewares/Third_Party/FreeRTOS/Source/tasks.o
                0x0800c144                xTaskRemoveFromEventList
 .text.vTaskInternalSetTimeOutState
                0x0800c20c       0x2c ./Middlewares/Third_Party/FreeRTOS/Source/tasks.o
                0x0800c20c                vTaskInternalSetTimeOutState
 .text.xTaskCheckForTimeOut
                0x0800c238       0xc8 ./Middlewares/Third_Party/FreeRTOS/Source/tasks.o
                0x0800c238                xTaskCheckForTimeOut
 .text.vTaskMissedYield
                0x0800c300       0x18 ./Middlewares/Third_Party/FreeRTOS/Source/tasks.o
                0x0800c300                vTaskMissedYield
 .text.prvIdleTask
                0x0800c318       0x30 ./Middlewares/Third_Party/FreeRTOS/Source/tasks.o
 .text.prvInitialiseTaskLists
                0x0800c348       0x80 ./Middlewares/Third_Party/FreeRTOS/Source/tasks.o
 .text.prvCheckTasksWaitingTermination
                0x0800c3c8       0x5c ./Middlewares/Third_Party/FreeRTOS/Source/tasks.o
 .text.prvDeleteTCB
                0x0800c424       0x6a ./Middlewares/Third_Party/FreeRTOS/Source/tasks.o
 *fill*         0x0800c48e        0x2 
 .text.prvResetNextTaskUnblockTime
                0x0800c490       0x40 ./Middlewares/Third_Party/FreeRTOS/Source/tasks.o
 .text.xTaskGetSchedulerState
                0x0800c4d0       0x3c ./Middlewares/Third_Party/FreeRTOS/Source/tasks.o
                0x0800c4d0                xTaskGetSchedulerState
 .text.xTaskPriorityInherit
                0x0800c50c       0xd0 ./Middlewares/Third_Party/FreeRTOS/Source/tasks.o
                0x0800c50c                xTaskPriorityInherit
 .text.xTaskPriorityDisinherit
                0x0800c5dc       0xe0 ./Middlewares/Third_Party/FreeRTOS/Source/tasks.o
                0x0800c5dc                xTaskPriorityDisinherit
 .text.vTaskPriorityDisinheritAfterTimeout
                0x0800c6bc      0x108 ./Middlewares/Third_Party/FreeRTOS/Source/tasks.o
                0x0800c6bc                vTaskPriorityDisinheritAfterTimeout
 .text.pvTaskIncrementMutexHeldCount
                0x0800c7c4       0x28 ./Middlewares/Third_Party/FreeRTOS/Source/tasks.o
                0x0800c7c4                pvTaskIncrementMutexHeldCount
 .text.prvAddCurrentTaskToDelayedList
                0x0800c7ec       0xa8 ./Middlewares/Third_Party/FreeRTOS/Source/tasks.o
 .text.xTimerCreateTimerTask
                0x0800c894       0x94 ./Middlewares/Third_Party/FreeRTOS/Source/timers.o
                0x0800c894                xTimerCreateTimerTask
 .text.xTimerGenericCommand
                0x0800c928       0x9c ./Middlewares/Third_Party/FreeRTOS/Source/timers.o
                0x0800c928                xTimerGenericCommand
 .text.prvProcessExpiredTimer
                0x0800c9c4       0x9c ./Middlewares/Third_Party/FreeRTOS/Source/timers.o
 .text.prvTimerTask
                0x0800ca60       0x26 ./Middlewares/Third_Party/FreeRTOS/Source/timers.o
 *fill*         0x0800ca86        0x2 
 .text.prvProcessTimerOrBlockTask
                0x0800ca88       0x9c ./Middlewares/Third_Party/FreeRTOS/Source/timers.o
 .text.prvGetNextExpireTime
                0x0800cb24       0x48 ./Middlewares/Third_Party/FreeRTOS/Source/timers.o
 .text.prvSampleTimeNow
                0x0800cb6c       0x40 ./Middlewares/Third_Party/FreeRTOS/Source/timers.o
 .text.prvInsertTimerInActiveList
                0x0800cbac       0x84 ./Middlewares/Third_Party/FreeRTOS/Source/timers.o
 .text.prvProcessReceivedCommands
                0x0800cc30      0x1cc ./Middlewares/Third_Party/FreeRTOS/Source/timers.o
 .text.prvSwitchTimerLists
                0x0800cdfc       0xcc ./Middlewares/Third_Party/FreeRTOS/Source/timers.o
 .text.prvCheckForValidListAndQueue
                0x0800cec8       0x80 ./Middlewares/Third_Party/FreeRTOS/Source/timers.o
 .text.pxPortInitialiseStack
                0x0800cf48       0x68 ./Middlewares/Third_Party/FreeRTOS/Source/portable/GCC/ARM_CM4F/port.o
                0x0800cf48                pxPortInitialiseStack
 .text.prvTaskExitError
                0x0800cfb0       0x5c ./Middlewares/Third_Party/FreeRTOS/Source/portable/GCC/ARM_CM4F/port.o
 *fill*         0x0800d00c        0x4 
 .text.SVC_Handler
                0x0800d010       0x28 ./Middlewares/Third_Party/FreeRTOS/Source/portable/GCC/ARM_CM4F/port.o
                0x0800d010                SVC_Handler
 .text.prvPortStartFirstTask
                0x0800d038       0x28 ./Middlewares/Third_Party/FreeRTOS/Source/portable/GCC/ARM_CM4F/port.o
 .text.xPortStartScheduler
                0x0800d060      0x148 ./Middlewares/Third_Party/FreeRTOS/Source/portable/GCC/ARM_CM4F/port.o
                0x0800d060                xPortStartScheduler
 .text.vPortEnterCritical
                0x0800d1a8       0x64 ./Middlewares/Third_Party/FreeRTOS/Source/portable/GCC/ARM_CM4F/port.o
                0x0800d1a8                vPortEnterCritical
 .text.vPortExitCritical
                0x0800d20c       0x54 ./Middlewares/Third_Party/FreeRTOS/Source/portable/GCC/ARM_CM4F/port.o
                0x0800d20c                vPortExitCritical
 .text.PendSV_Handler
                0x0800d260       0x68 ./Middlewares/Third_Party/FreeRTOS/Source/portable/GCC/ARM_CM4F/port.o
                0x0800d260                PendSV_Handler
 .text.xPortSysTickHandler
                0x0800d2c8       0x44 ./Middlewares/Third_Party/FreeRTOS/Source/portable/GCC/ARM_CM4F/port.o
                0x0800d2c8                xPortSysTickHandler
 .text.vPortSetupTimerInterrupt
                0x0800d30c       0x48 ./Middlewares/Third_Party/FreeRTOS/Source/portable/GCC/ARM_CM4F/port.o
                0x0800d30c                vPortSetupTimerInterrupt
 .text.vPortEnableVFP
                0x0800d354       0x14 ./Middlewares/Third_Party/FreeRTOS/Source/portable/GCC/ARM_CM4F/port.o
 .text.vPortValidateInterruptPriority
                0x0800d368       0x84 ./Middlewares/Third_Party/FreeRTOS/Source/portable/GCC/ARM_CM4F/port.o
                0x0800d368                vPortValidateInterruptPriority
 .text.pvPortMalloc
                0x0800d3ec      0x19c ./Middlewares/Third_Party/FreeRTOS/Source/portable/MemMang/heap_4.o
                0x0800d3ec                pvPortMalloc
 .text.vPortFree
                0x0800d588       0xc8 ./Middlewares/Third_Party/FreeRTOS/Source/portable/MemMang/heap_4.o
                0x0800d588                vPortFree
 .text.prvHeapInit
                0x0800d650       0xc4 ./Middlewares/Third_Party/FreeRTOS/Source/portable/MemMang/heap_4.o
 .text.prvInsertBlockIntoFreeList
                0x0800d714       0xb4 ./Middlewares/Third_Party/FreeRTOS/Source/portable/MemMang/heap_4.o
 .text.__cvt    0x0800d7c8       0xca D:/Work/STM32CubeIDE_2.1.1/STM32CubeIDE/plugins/com.st.stm32cube.ide.mcu.externaltools.gnu-tools-for-stm32.14.3.rel1.win32_1.0.100.202602081740/tools/bin/../lib/gcc/arm-none-eabi/14.3.1/../../../../arm-none-eabi/lib/thumb/v7e-m+fp/hard\libc_nano.a(libc_a-nano-vfprintf_float.o)
                0x0800d7c8                __cvt
 .text.__exponent
                0x0800d892       0x74 D:/Work/STM32CubeIDE_2.1.1/STM32CubeIDE/plugins/com.st.stm32cube.ide.mcu.externaltools.gnu-tools-for-stm32.14.3.rel1.win32_1.0.100.202602081740/tools/bin/../lib/gcc/arm-none-eabi/14.3.1/../../../../arm-none-eabi/lib/thumb/v7e-m+fp/hard\libc_nano.a(libc_a-nano-vfprintf_float.o)
                0x0800d892                __exponent
 *fill*         0x0800d906        0x2 
 .text._printf_float
                0x0800d908      0x450 D:/Work/STM32CubeIDE_2.1.1/STM32CubeIDE/plugins/com.st.stm32cube.ide.mcu.externaltools.gnu-tools-for-stm32.14.3.rel1.win32_1.0.100.202602081740/tools/bin/../lib/gcc/arm-none-eabi/14.3.1/../../../../arm-none-eabi/lib/thumb/v7e-m+fp/hard\libc_nano.a(libc_a-nano-vfprintf_float.o)
                0x0800d908                _printf_float
 .text._printf_common
                0x0800dd58       0xda D:/Work/STM32CubeIDE_2.1.1/STM32CubeIDE/plugins/com.st.stm32cube.ide.mcu.externaltools.gnu-tools-for-stm32.14.3.rel1.win32_1.0.100.202602081740/tools/bin/../lib/gcc/arm-none-eabi/14.3.1/../../../../arm-none-eabi/lib/thumb/v7e-m+fp/hard\libc_nano.a(libc_a-nano-vfprintf_i.o)
                0x0800dd58                _printf_common
 *fill*         0x0800de32        0x2 
 .text._printf_i
                0x0800de34      0x24c D:/Work/STM32CubeIDE_2.1.1/STM32CubeIDE/plugins/com.st.stm32cube.ide.mcu.externaltools.gnu-tools-for-stm32.14.3.rel1.win32_1.0.100.202602081740/tools/bin/../lib/gcc/arm-none-eabi/14.3.1/../../../../arm-none-eabi/lib/thumb/v7e-m+fp/hard\libc_nano.a(libc_a-nano-vfprintf_i.o)
                0x0800de34                _printf_i
 .text._scanf_float
                0x0800e080      0x418 D:/Work/STM32CubeIDE_2.1.1/STM32CubeIDE/plugins/com.st.stm32cube.ide.mcu.externaltools.gnu-tools-for-stm32.14.3.rel1.win32_1.0.100.202602081740/tools/bin/../lib/gcc/arm-none-eabi/14.3.1/../../../../arm-none-eabi/lib/thumb/v7e-m+fp/hard\libc_nano.a(libc_a-nano-vfscanf_float.o)
                0x0800e080                _scanf_float
 .text.std      0x0800e498       0x6c D:/Work/STM32CubeIDE_2.1.1/STM32CubeIDE/plugins/com.st.stm32cube.ide.mcu.externaltools.gnu-tools-for-stm32.14.3.rel1.win32_1.0.100.202602081740/tools/bin/../lib/gcc/arm-none-eabi/14.3.1/../../../../arm-none-eabi/lib/thumb/v7e-m+fp/hard\libc_nano.a(libc_a-findfp.o)
 .text.stdio_exit_handler
                0x0800e504       0x18 D:/Work/STM32CubeIDE_2.1.1/STM32CubeIDE/plugins/com.st.stm32cube.ide.mcu.externaltools.gnu-tools-for-stm32.14.3.rel1.win32_1.0.100.202602081740/tools/bin/../lib/gcc/arm-none-eabi/14.3.1/../../../../arm-none-eabi/lib/thumb/v7e-m+fp/hard\libc_nano.a(libc_a-findfp.o)
 .text.cleanup_stdio
                0x0800e51c       0x40 D:/Work/STM32CubeIDE_2.1.1/STM32CubeIDE/plugins/com.st.stm32cube.ide.mcu.externaltools.gnu-tools-for-stm32.14.3.rel1.win32_1.0.100.202602081740/tools/bin/../lib/gcc/arm-none-eabi/14.3.1/../../../../arm-none-eabi/lib/thumb/v7e-m+fp/hard\libc_nano.a(libc_a-findfp.o)
 .text.global_stdio_init.part.0
                0x0800e55c       0x40 D:/Work/STM32CubeIDE_2.1.1/STM32CubeIDE/plugins/com.st.stm32cube.ide.mcu.externaltools.gnu-tools-for-stm32.14.3.rel1.win32_1.0.100.202602081740/tools/bin/../lib/gcc/arm-none-eabi/14.3.1/../../../../arm-none-eabi/lib/thumb/v7e-m+fp/hard\libc_nano.a(libc_a-findfp.o)
 .text.__sfp_lock_acquire
                0x0800e59c        0xc D:/Work/STM32CubeIDE_2.1.1/STM32CubeIDE/plugins/com.st.stm32cube.ide.mcu.externaltools.gnu-tools-for-stm32.14.3.rel1.win32_1.0.100.202602081740/tools/bin/../lib/gcc/arm-none-eabi/14.3.1/../../../../arm-none-eabi/lib/thumb/v7e-m+fp/hard\libc_nano.a(libc_a-findfp.o)
                0x0800e59c                __sfp_lock_acquire
 .text.__sfp_lock_release
                0x0800e5a8        0xc D:/Work/STM32CubeIDE_2.1.1/STM32CubeIDE/plugins/com.st.stm32cube.ide.mcu.externaltools.gnu-tools-for-stm32.14.3.rel1.win32_1.0.100.202602081740/tools/bin/../lib/gcc/arm-none-eabi/14.3.1/../../../../arm-none-eabi/lib/thumb/v7e-m+fp/hard\libc_nano.a(libc_a-findfp.o)
                0x0800e5a8                __sfp_lock_release
 .text.__sinit  0x0800e5b4       0x30 D:/Work/STM32CubeIDE_2.1.1/STM32CubeIDE/plugins/com.st.stm32cube.ide.mcu.externaltools.gnu-tools-for-stm32.14.3.rel1.win32_1.0.100.202602081740/tools/bin/../lib/gcc/arm-none-eabi/14.3.1/../../../../arm-none-eabi/lib/thumb/v7e-m+fp/hard\libc_nano.a(libc_a-findfp.o)
                0x0800e5b4                __sinit
 .text._fwalk_sglue
                0x0800e5e4       0x3c D:/Work/STM32CubeIDE_2.1.1/STM32CubeIDE/plugins/com.st.stm32cube.ide.mcu.externaltools.gnu-tools-for-stm32.14.3.rel1.win32_1.0.100.202602081740/tools/bin/../lib/gcc/arm-none-eabi/14.3.1/../../../../arm-none-eabi/lib/thumb/v7e-m+fp/hard\libc_nano.a(libc_a-fwalk.o)
                0x0800e5e4                _fwalk_sglue
 .text.printf   0x0800e620       0x24 D:/Work/STM32CubeIDE_2.1.1/STM32CubeIDE/plugins/com.st.stm32cube.ide.mcu.externaltools.gnu-tools-for-stm32.14.3.rel1.win32_1.0.100.202602081740/tools/bin/../lib/gcc/arm-none-eabi/14.3.1/../../../../arm-none-eabi/lib/thumb/v7e-m+fp/hard\libc_nano.a(libc_a-printf.o)
                0x0800e620                iprintf
                0x0800e620                printf
 .text.sprintf  0x0800e644       0x44 D:/Work/STM32CubeIDE_2.1.1/STM32CubeIDE/plugins/com.st.stm32cube.ide.mcu.externaltools.gnu-tools-for-stm32.14.3.rel1.win32_1.0.100.202602081740/tools/bin/../lib/gcc/arm-none-eabi/14.3.1/../../../../arm-none-eabi/lib/thumb/v7e-m+fp/hard\libc_nano.a(libc_a-sprintf.o)
                0x0800e644                siprintf
                0x0800e644                sprintf
 .text.__sread  0x0800e688       0x22 D:/Work/STM32CubeIDE_2.1.1/STM32CubeIDE/plugins/com.st.stm32cube.ide.mcu.externaltools.gnu-tools-for-stm32.14.3.rel1.win32_1.0.100.202602081740/tools/bin/../lib/gcc/arm-none-eabi/14.3.1/../../../../arm-none-eabi/lib/thumb/v7e-m+fp/hard\libc_nano.a(libc_a-stdio.o)
                0x0800e688                __sread
 .text.__swrite
                0x0800e6aa       0x38 D:/Work/STM32CubeIDE_2.1.1/STM32CubeIDE/plugins/com.st.stm32cube.ide.mcu.externaltools.gnu-tools-for-stm32.14.3.rel1.win32_1.0.100.202602081740/tools/bin/../lib/gcc/arm-none-eabi/14.3.1/../../../../arm-none-eabi/lib/thumb/v7e-m+fp/hard\libc_nano.a(libc_a-stdio.o)
                0x0800e6aa                __swrite
 .text.__sseek  0x0800e6e2       0x26 D:/Work/STM32CubeIDE_2.1.1/STM32CubeIDE/plugins/com.st.stm32cube.ide.mcu.externaltools.gnu-tools-for-stm32.14.3.rel1.win32_1.0.100.202602081740/tools/bin/../lib/gcc/arm-none-eabi/14.3.1/../../../../arm-none-eabi/lib/thumb/v7e-m+fp/hard\libc_nano.a(libc_a-stdio.o)
                0x0800e6e2                __sseek
 .text.__sclose
                0x0800e708        0x8 D:/Work/STM32CubeIDE_2.1.1/STM32CubeIDE/plugins/com.st.stm32cube.ide.mcu.externaltools.gnu-tools-for-stm32.14.3.rel1.win32_1.0.100.202602081740/tools/bin/../lib/gcc/arm-none-eabi/14.3.1/../../../../arm-none-eabi/lib/thumb/v7e-m+fp/hard\libc_nano.a(libc_a-stdio.o)
                0x0800e708                __sclose
 .text.memset   0x0800e710       0x10 D:/Work/STM32CubeIDE_2.1.1/STM32CubeIDE/plugins/com.st.stm32cube.ide.mcu.externaltools.gnu-tools-for-stm32.14.3.rel1.win32_1.0.100.202602081740/tools/bin/../lib/gcc/arm-none-eabi/14.3.1/../../../../arm-none-eabi/lib/thumb/v7e-m+fp/hard\libc_nano.a(libc_a-memset.o)
                0x0800e710                memset
 .text.strncpy  0x0800e720       0x26 D:/Work/STM32CubeIDE_2.1.1/STM32CubeIDE/plugins/com.st.stm32cube.ide.mcu.externaltools.gnu-tools-for-stm32.14.3.rel1.win32_1.0.100.202602081740/tools/bin/../lib/gcc/arm-none-eabi/14.3.1/../../../../arm-none-eabi/lib/thumb/v7e-m+fp/hard\libc_nano.a(libc_a-strncpy.o)
                0x0800e720                strncpy
 *fill*         0x0800e746        0x2 
 .text._localeconv_r
                0x0800e748        0x8 D:/Work/STM32CubeIDE_2.1.1/STM32CubeIDE/plugins/com.st.stm32cube.ide.mcu.externaltools.gnu-tools-for-stm32.14.3.rel1.win32_1.0.100.202602081740/tools/bin/../lib/gcc/arm-none-eabi/14.3.1/../../../../arm-none-eabi/lib/thumb/v7e-m+fp/hard\libc_nano.a(libc_a-localeconv.o)
                0x0800e748                _localeconv_r
 .text._close_r
                0x0800e750       0x20 D:/Work/STM32CubeIDE_2.1.1/STM32CubeIDE/plugins/com.st.stm32cube.ide.mcu.externaltools.gnu-tools-for-stm32.14.3.rel1.win32_1.0.100.202602081740/tools/bin/../lib/gcc/arm-none-eabi/14.3.1/../../../../arm-none-eabi/lib/thumb/v7e-m+fp/hard\libc_nano.a(libc_a-closer.o)
                0x0800e750                _close_r
 .text._reclaim_reent
                0x0800e770       0xbc D:/Work/STM32CubeIDE_2.1.1/STM32CubeIDE/plugins/com.st.stm32cube.ide.mcu.externaltools.gnu-tools-for-stm32.14.3.rel1.win32_1.0.100.202602081740/tools/bin/../lib/gcc/arm-none-eabi/14.3.1/../../../../arm-none-eabi/lib/thumb/v7e-m+fp/hard\libc_nano.a(libc_a-reent.o)
                0x0800e770                _reclaim_reent
 .text._lseek_r
                0x0800e82c       0x24 D:/Work/STM32CubeIDE_2.1.1/STM32CubeIDE/plugins/com.st.stm32cube.ide.mcu.externaltools.gnu-tools-for-stm32.14.3.rel1.win32_1.0.100.202602081740/tools/bin/../lib/gcc/arm-none-eabi/14.3.1/../../../../arm-none-eabi/lib/thumb/v7e-m+fp/hard\libc_nano.a(libc_a-lseekr.o)
                0x0800e82c                _lseek_r
 .text._read_r  0x0800e850       0x24 D:/Work/STM32CubeIDE_2.1.1/STM32CubeIDE/plugins/com.st.stm32cube.ide.mcu.externaltools.gnu-tools-for-stm32.14.3.rel1.win32_1.0.100.202602081740/tools/bin/../lib/gcc/arm-none-eabi/14.3.1/../../../../arm-none-eabi/lib/thumb/v7e-m+fp/hard\libc_nano.a(libc_a-readr.o)
                0x0800e850                _read_r
 .text._write_r
                0x0800e874       0x24 D:/Work/STM32CubeIDE_2.1.1/STM32CubeIDE/plugins/com.st.stm32cube.ide.mcu.externaltools.gnu-tools-for-stm32.14.3.rel1.win32_1.0.100.202602081740/tools/bin/../lib/gcc/arm-none-eabi/14.3.1/../../../../arm-none-eabi/lib/thumb/v7e-m+fp/hard\libc_nano.a(libc_a-writer.o)
                0x0800e874                _write_r
 .text.__errno  0x0800e898        0xc D:/Work/STM32CubeIDE_2.1.1/STM32CubeIDE/plugins/com.st.stm32cube.ide.mcu.externaltools.gnu-tools-for-stm32.14.3.rel1.win32_1.0.100.202602081740/tools/bin/../lib/gcc/arm-none-eabi/14.3.1/../../../../arm-none-eabi/lib/thumb/v7e-m+fp/hard\libc_nano.a(libc_a-errno.o)
                0x0800e898                __errno
 .text.__libc_init_array
                0x0800e8a4       0x48 D:/Work/STM32CubeIDE_2.1.1/STM32CubeIDE/plugins/com.st.stm32cube.ide.mcu.externaltools.gnu-tools-for-stm32.14.3.rel1.win32_1.0.100.202602081740/tools/bin/../lib/gcc/arm-none-eabi/14.3.1/../../../../arm-none-eabi/lib/thumb/v7e-m+fp/hard\libc_nano.a(libc_a-init.o)
                0x0800e8a4                __libc_init_array
 .text.__retarget_lock_init_recursive
                0x0800e8ec        0x2 D:/Work/STM32CubeIDE_2.1.1/STM32CubeIDE/plugins/com.st.stm32cube.ide.mcu.externaltools.gnu-tools-for-stm32.14.3.rel1.win32_1.0.100.202602081740/tools/bin/../lib/gcc/arm-none-eabi/14.3.1/../../../../arm-none-eabi/lib/thumb/v7e-m+fp/hard\libc_nano.a(libc_a-lock.o)
                0x0800e8ec                __retarget_lock_init_recursive
 .text.__retarget_lock_acquire_recursive
                0x0800e8ee        0x2 D:/Work/STM32CubeIDE_2.1.1/STM32CubeIDE/plugins/com.st.stm32cube.ide.mcu.externaltools.gnu-tools-for-stm32.14.3.rel1.win32_1.0.100.202602081740/tools/bin/../lib/gcc/arm-none-eabi/14.3.1/../../../../arm-none-eabi/lib/thumb/v7e-m+fp/hard\libc_nano.a(libc_a-lock.o)
                0x0800e8ee                __retarget_lock_acquire_recursive
 .text.__retarget_lock_release_recursive
                0x0800e8f0        0x2 D:/Work/STM32CubeIDE_2.1.1/STM32CubeIDE/plugins/com.st.stm32cube.ide.mcu.externaltools.gnu-tools-for-stm32.14.3.rel1.win32_1.0.100.202602081740/tools/bin/../lib/gcc/arm-none-eabi/14.3.1/../../../../arm-none-eabi/lib/thumb/v7e-m+fp/hard\libc_nano.a(libc_a-lock.o)
                0x0800e8f0                __retarget_lock_release_recursive
 .text.memcpy   0x0800e8f2       0x1c D:/Work/STM32CubeIDE_2.1.1/STM32CubeIDE/plugins/com.st.stm32cube.ide.mcu.externaltools.gnu-tools-for-stm32.14.3.rel1.win32_1.0.100.202602081740/tools/bin/../lib/gcc/arm-none-eabi/14.3.1/../../../../arm-none-eabi/lib/thumb/v7e-m+fp/hard\libc_nano.a(libc_a-memcpy-stub.o)
                0x0800e8f2                memcpy
 *fill*         0x0800e90e        0x2 
 .text.nanf     0x0800e910        0xc D:/Work/STM32CubeIDE_2.1.1/STM32CubeIDE/plugins/com.st.stm32cube.ide.mcu.externaltools.gnu-tools-for-stm32.14.3.rel1.win32_1.0.100.202602081740/tools/bin/../lib/gcc/arm-none-eabi/14.3.1/../../../../arm-none-eabi/lib/thumb/v7e-m+fp/hard\libc_nano.a(libm_a-sf_nan.o)
                0x0800e910                nanf
 .text.quorem   0x0800e91c      0x110 D:/Work/STM32CubeIDE_2.1.1/STM32CubeIDE/plugins/com.st.stm32cube.ide.mcu.externaltools.gnu-tools-for-stm32.14.3.rel1.win32_1.0.100.202602081740/tools/bin/../lib/gcc/arm-none-eabi/14.3.1/../../../../arm-none-eabi/lib/thumb/v7e-m+fp/hard\libc_nano.a(libc_a-dtoa.o)
 *fill*         0x0800ea2c        0x4 
 .text._dtoa_r  0x0800ea30      0xbb8 D:/Work/STM32CubeIDE_2.1.1/STM32CubeIDE/plugins/com.st.stm32cube.ide.mcu.externaltools.gnu-tools-for-stm32.14.3.rel1.win32_1.0.100.202602081740/tools/bin/../lib/gcc/arm-none-eabi/14.3.1/../../../../arm-none-eabi/lib/thumb/v7e-m+fp/hard\libc_nano.a(libc_a-dtoa.o)
                0x0800ea30                _dtoa_r
 .text._free_r  0x0800f5e8       0x94 D:/Work/STM32CubeIDE_2.1.1/STM32CubeIDE/plugins/com.st.stm32cube.ide.mcu.externaltools.gnu-tools-for-stm32.14.3.rel1.win32_1.0.100.202602081740/tools/bin/../lib/gcc/arm-none-eabi/14.3.1/../../../../arm-none-eabi/lib/thumb/v7e-m+fp/hard\libc_nano.a(libc_a-freer.o)
                0x0800f5e8                _free_r
 .text.malloc   0x0800f67c       0x10 D:/Work/STM32CubeIDE_2.1.1/STM32CubeIDE/plugins/com.st.stm32cube.ide.mcu.externaltools.gnu-tools-for-stm32.14.3.rel1.win32_1.0.100.202602081740/tools/bin/../lib/gcc/arm-none-eabi/14.3.1/../../../../arm-none-eabi/lib/thumb/v7e-m+fp/hard\libc_nano.a(libc_a-malloc.o)
                0x0800f67c                malloc
 .text.sbrk_aligned
                0x0800f68c       0x44 D:/Work/STM32CubeIDE_2.1.1/STM32CubeIDE/plugins/com.st.stm32cube.ide.mcu.externaltools.gnu-tools-for-stm32.14.3.rel1.win32_1.0.100.202602081740/tools/bin/../lib/gcc/arm-none-eabi/14.3.1/../../../../arm-none-eabi/lib/thumb/v7e-m+fp/hard\libc_nano.a(libc_a-mallocr.o)
 .text._malloc_r
                0x0800f6d0      0x100 D:/Work/STM32CubeIDE_2.1.1/STM32CubeIDE/plugins/com.st.stm32cube.ide.mcu.externaltools.gnu-tools-for-stm32.14.3.rel1.win32_1.0.100.202602081740/tools/bin/../lib/gcc/arm-none-eabi/14.3.1/../../../../arm-none-eabi/lib/thumb/v7e-m+fp/hard\libc_nano.a(libc_a-mallocr.o)
                0x0800f6d0                _malloc_r
 .text.__malloc_lock
                0x0800f7d0        0xc D:/Work/STM32CubeIDE_2.1.1/STM32CubeIDE/plugins/com.st.stm32cube.ide.mcu.externaltools.gnu-tools-for-stm32.14.3.rel1.win32_1.0.100.202602081740/tools/bin/../lib/gcc/arm-none-eabi/14.3.1/../../../../arm-none-eabi/lib/thumb/v7e-m+fp/hard\libc_nano.a(libc_a-mlock.o)
                0x0800f7d0                __malloc_lock
 .text.__malloc_unlock
                0x0800f7dc        0xc D:/Work/STM32CubeIDE_2.1.1/STM32CubeIDE/plugins/com.st.stm32cube.ide.mcu.externaltools.gnu-tools-for-stm32.14.3.rel1.win32_1.0.100.202602081740/tools/bin/../lib/gcc/arm-none-eabi/14.3.1/../../../../arm-none-eabi/lib/thumb/v7e-m+fp/hard\libc_nano.a(libc_a-mlock.o)
                0x0800f7dc                __malloc_unlock
 .text._Balloc  0x0800f7e8       0x7c D:/Work/STM32CubeIDE_2.1.1/STM32CubeIDE/plugins/com.st.stm32cube.ide.mcu.externaltools.gnu-tools-for-stm32.14.3.rel1.win32_1.0.100.202602081740/tools/bin/../lib/gcc/arm-none-eabi/14.3.1/../../../../arm-none-eabi/lib/thumb/v7e-m+fp/hard\libc_nano.a(libc_a-mprec.o)
                0x0800f7e8                _Balloc
 .text._Bfree   0x0800f864       0x44 D:/Work/STM32CubeIDE_2.1.1/STM32CubeIDE/plugins/com.st.stm32cube.ide.mcu.externaltools.gnu-tools-for-stm32.14.3.rel1.win32_1.0.100.202602081740/tools/bin/../lib/gcc/arm-none-eabi/14.3.1/../../../../arm-none-eabi/lib/thumb/v7e-m+fp/hard\libc_nano.a(libc_a-mprec.o)
                0x0800f864                _Bfree
 .text.__multadd
                0x0800f8a8       0x8c D:/Work/STM32CubeIDE_2.1.1/STM32CubeIDE/plugins/com.st.stm32cube.ide.mcu.externaltools.gnu-tools-for-stm32.14.3.rel1.win32_1.0.100.202602081740/tools/bin/../lib/gcc/arm-none-eabi/14.3.1/../../../../arm-none-eabi/lib/thumb/v7e-m+fp/hard\libc_nano.a(libc_a-mprec.o)
                0x0800f8a8                __multadd
 .text.__s2b    0x0800f934       0x94 D:/Work/STM32CubeIDE_2.1.1/STM32CubeIDE/plugins/com.st.stm32cube.ide.mcu.externaltools.gnu-tools-for-stm32.14.3.rel1.win32_1.0.100.202602081740/tools/bin/../lib/gcc/arm-none-eabi/14.3.1/../../../../arm-none-eabi/lib/thumb/v7e-m+fp/hard\libc_nano.a(libc_a-mprec.o)
                0x0800f934                __s2b
 .text.__hi0bits
                0x0800f9c8       0x3e D:/Work/STM32CubeIDE_2.1.1/STM32CubeIDE/plugins/com.st.stm32cube.ide.mcu.externaltools.gnu-tools-for-stm32.14.3.rel1.win32_1.0.100.202602081740/tools/bin/../lib/gcc/arm-none-eabi/14.3.1/../../../../arm-none-eabi/lib/thumb/v7e-m+fp/hard\libc_nano.a(libc_a-mprec.o)
                0x0800f9c8                __hi0bits
 .text.__lo0bits
                0x0800fa06       0x5a D:/Work/STM32CubeIDE_2.1.1/STM32CubeIDE/plugins/com.st.stm32cube.ide.mcu.externaltools.gnu-tools-for-stm32.14.3.rel1.win32_1.0.100.202602081740/tools/bin/../lib/gcc/arm-none-eabi/14.3.1/../../../../arm-none-eabi/lib/thumb/v7e-m+fp/hard\libc_nano.a(libc_a-mprec.o)
                0x0800fa06                __lo0bits
 .text.__i2b    0x0800fa60       0x2c D:/Work/STM32CubeIDE_2.1.1/STM32CubeIDE/plugins/com.st.stm32cube.ide.mcu.externaltools.gnu-tools-for-stm32.14.3.rel1.win32_1.0.100.202602081740/tools/bin/../lib/gcc/arm-none-eabi/14.3.1/../../../../arm-none-eabi/lib/thumb/v7e-m+fp/hard\libc_nano.a(libc_a-mprec.o)
                0x0800fa60                __i2b
 .text.__multiply
                0x0800fa8c      0x154 D:/Work/STM32CubeIDE_2.1.1/STM32CubeIDE/plugins/com.st.stm32cube.ide.mcu.externaltools.gnu-tools-for-stm32.14.3.rel1.win32_1.0.100.202602081740/tools/bin/../lib/gcc/arm-none-eabi/14.3.1/../../../../arm-none-eabi/lib/thumb/v7e-m+fp/hard\libc_nano.a(libc_a-mprec.o)
                0x0800fa8c                __multiply
 .text.__pow5mult
                0x0800fbe0       0xb8 D:/Work/STM32CubeIDE_2.1.1/STM32CubeIDE/plugins/com.st.stm32cube.ide.mcu.externaltools.gnu-tools-for-stm32.14.3.rel1.win32_1.0.100.202602081740/tools/bin/../lib/gcc/arm-none-eabi/14.3.1/../../../../arm-none-eabi/lib/thumb/v7e-m+fp/hard\libc_nano.a(libc_a-mprec.o)
                0x0800fbe0                __pow5mult
 .text.__lshift
                0x0800fc98       0xdc D:/Work/STM32CubeIDE_2.1.1/STM32CubeIDE/plugins/com.st.stm32cube.ide.mcu.externaltools.gnu-tools-for-stm32.14.3.rel1.win32_1.0.100.202602081740/tools/bin/../lib/gcc/arm-none-eabi/14.3.1/../../../../arm-none-eabi/lib/thumb/v7e-m+fp/hard\libc_nano.a(libc_a-mprec.o)
                0x0800fc98                __lshift
 .text.__mcmp   0x0800fd74       0x36 D:/Work/STM32CubeIDE_2.1.1/STM32CubeIDE/plugins/com.st.stm32cube.ide.mcu.externaltools.gnu-tools-for-stm32.14.3.rel1.win32_1.0.100.202602081740/tools/bin/../lib/gcc/arm-none-eabi/14.3.1/../../../../arm-none-eabi/lib/thumb/v7e-m+fp/hard\libc_nano.a(libc_a-mprec.o)
                0x0800fd74                __mcmp
 *fill*         0x0800fdaa        0x2 
 .text.__mdiff  0x0800fdac      0x130 D:/Work/STM32CubeIDE_2.1.1/STM32CubeIDE/plugins/com.st.stm32cube.ide.mcu.externaltools.gnu-tools-for-stm32.14.3.rel1.win32_1.0.100.202602081740/tools/bin/../lib/gcc/arm-none-eabi/14.3.1/../../../../arm-none-eabi/lib/thumb/v7e-m+fp/hard\libc_nano.a(libc_a-mprec.o)
                0x0800fdac                __mdiff
 .text.__ulp    0x0800fedc       0x4c D:/Work/STM32CubeIDE_2.1.1/STM32CubeIDE/plugins/com.st.stm32cube.ide.mcu.externaltools.gnu-tools-for-stm32.14.3.rel1.win32_1.0.100.202602081740/tools/bin/../lib/gcc/arm-none-eabi/14.3.1/../../../../arm-none-eabi/lib/thumb/v7e-m+fp/hard\libc_nano.a(libc_a-mprec.o)
                0x0800fedc                __ulp
 .text.__b2d    0x0800ff28       0x94 D:/Work/STM32CubeIDE_2.1.1/STM32CubeIDE/plugins/com.st.stm32cube.ide.mcu.externaltools.gnu-tools-for-stm32.14.3.rel1.win32_1.0.100.202602081740/tools/bin/../lib/gcc/arm-none-eabi/14.3.1/../../../../arm-none-eabi/lib/thumb/v7e-m+fp/hard\libc_nano.a(libc_a-mprec.o)
                0x0800ff28                __b2d
 .text.__d2b    0x0800ffbc       0xb0 D:/Work/STM32CubeIDE_2.1.1/STM32CubeIDE/plugins/com.st.stm32cube.ide.mcu.externaltools.gnu-tools-for-stm32.14.3.rel1.win32_1.0.100.202602081740/tools/bin/../lib/gcc/arm-none-eabi/14.3.1/../../../../arm-none-eabi/lib/thumb/v7e-m+fp/hard\libc_nano.a(libc_a-mprec.o)
                0x0800ffbc                __d2b
 .text.__ratio  0x0801006c       0x64 D:/Work/STM32CubeIDE_2.1.1/STM32CubeIDE/plugins/com.st.stm32cube.ide.mcu.externaltools.gnu-tools-for-stm32.14.3.rel1.win32_1.0.100.202602081740/tools/bin/../lib/gcc/arm-none-eabi/14.3.1/../../../../arm-none-eabi/lib/thumb/v7e-m+fp/hard\libc_nano.a(libc_a-mprec.o)
                0x0801006c                __ratio
 .text.__copybits
                0x080100d0       0x46 D:/Work/STM32CubeIDE_2.1.1/STM32CubeIDE/plugins/com.st.stm32cube.ide.mcu.externaltools.gnu-tools-for-stm32.14.3.rel1.win32_1.0.100.202602081740/tools/bin/../lib/gcc/arm-none-eabi/14.3.1/../../../../arm-none-eabi/lib/thumb/v7e-m+fp/hard\libc_nano.a(libc_a-mprec.o)
                0x080100d0                __copybits
 .text.__any_on
                0x08010116       0x42 D:/Work/STM32CubeIDE_2.1.1/STM32CubeIDE/plugins/com.st.stm32cube.ide.mcu.externaltools.gnu-tools-for-stm32.14.3.rel1.win32_1.0.100.202602081740/tools/bin/../lib/gcc/arm-none-eabi/14.3.1/../../../../arm-none-eabi/lib/thumb/v7e-m+fp/hard\libc_nano.a(libc_a-mprec.o)
                0x08010116                __any_on
 .text.sulp     0x08010158       0x3c D:/Work/STM32CubeIDE_2.1.1/STM32CubeIDE/plugins/com.st.stm32cube.ide.mcu.externaltools.gnu-tools-for-stm32.14.3.rel1.win32_1.0.100.202602081740/tools/bin/../lib/gcc/arm-none-eabi/14.3.1/../../../../arm-none-eabi/lib/thumb/v7e-m+fp/hard\libc_nano.a(libc_a-strtod.o)
 *fill*         0x08010194        0x4 
 .text._strtod_l
                0x08010198      0xbb8 D:/Work/STM32CubeIDE_2.1.1/STM32CubeIDE/plugins/com.st.stm32cube.ide.mcu.externaltools.gnu-tools-for-stm32.14.3.rel1.win32_1.0.100.202602081740/tools/bin/../lib/gcc/arm-none-eabi/14.3.1/../../../../arm-none-eabi/lib/thumb/v7e-m+fp/hard\libc_nano.a(libc_a-strtod.o)
                0x08010198                _strtod_l
 .text._strtod_r
                0x08010d50        0xc D:/Work/STM32CubeIDE_2.1.1/STM32CubeIDE/plugins/com.st.stm32cube.ide.mcu.externaltools.gnu-tools-for-stm32.14.3.rel1.win32_1.0.100.202602081740/tools/bin/../lib/gcc/arm-none-eabi/14.3.1/../../../../arm-none-eabi/lib/thumb/v7e-m+fp/hard\libc_nano.a(libc_a-strtod.o)
                0x08010d50                _strtod_r
 .text._strtol_l.isra.0
                0x08010d5c       0xf4 D:/Work/STM32CubeIDE_2.1.1/STM32CubeIDE/plugins/com.st.stm32cube.ide.mcu.externaltools.gnu-tools-for-stm32.14.3.rel1.win32_1.0.100.202602081740/tools/bin/../lib/gcc/arm-none-eabi/14.3.1/../../../../arm-none-eabi/lib/thumb/v7e-m+fp/hard\libc_nano.a(libc_a-strtol.o)
 .text._strtol_r
                0x08010e50        0x4 D:/Work/STM32CubeIDE_2.1.1/STM32CubeIDE/plugins/com.st.stm32cube.ide.mcu.externaltools.gnu-tools-for-stm32.14.3.rel1.win32_1.0.100.202602081740/tools/bin/../lib/gcc/arm-none-eabi/14.3.1/../../../../arm-none-eabi/lib/thumb/v7e-m+fp/hard\libc_nano.a(libc_a-strtol.o)
                0x08010e50                _strtol_r
 .text.__ssputs_r
                0x08010e54       0xc0 D:/Work/STM32CubeIDE_2.1.1/STM32CubeIDE/plugins/com.st.stm32cube.ide.mcu.externaltools.gnu-tools-for-stm32.14.3.rel1.win32_1.0.100.202602081740/tools/bin/../lib/gcc/arm-none-eabi/14.3.1/../../../../arm-none-eabi/lib/thumb/v7e-m+fp/hard\libc_nano.a(libc_a-nano-svfprintf.o)
                0x08010e54                __ssputs_r
 .text._svfprintf_r
                0x08010f14      0x1f0 D:/Work/STM32CubeIDE_2.1.1/STM32CubeIDE/plugins/com.st.stm32cube.ide.mcu.externaltools.gnu-tools-for-stm32.14.3.rel1.win32_1.0.100.202602081740/tools/bin/../lib/gcc/arm-none-eabi/14.3.1/../../../../arm-none-eabi/lib/thumb/v7e-m+fp/hard\libc_nano.a(libc_a-nano-svfprintf.o)
                0x08010f14                _svfiprintf_r
                0x08010f14                _svfprintf_r
 .text.__sfputc_r
                0x08011104       0x2e D:/Work/STM32CubeIDE_2.1.1/STM32CubeIDE/plugins/com.st.stm32cube.ide.mcu.externaltools.gnu-tools-for-stm32.14.3.rel1.win32_1.0.100.202602081740/tools/bin/../lib/gcc/arm-none-eabi/14.3.1/../../../../arm-none-eabi/lib/thumb/v7e-m+fp/hard\libc_nano.a(libc_a-nano-vfprintf.o)
 .text.__sfputs_r
                0x08011132       0x24 D:/Work/STM32CubeIDE_2.1.1/STM32CubeIDE/plugins/com.st.stm32cube.ide.mcu.externaltools.gnu-tools-for-stm32.14.3.rel1.win32_1.0.100.202602081740/tools/bin/../lib/gcc/arm-none-eabi/14.3.1/../../../../arm-none-eabi/lib/thumb/v7e-m+fp/hard\libc_nano.a(libc_a-nano-vfprintf.o)
                0x08011132                __sfputs_r
 *fill*         0x08011156        0x2 
 .text._vfprintf_r
                0x08011158      0x228 D:/Work/STM32CubeIDE_2.1.1/STM32CubeIDE/plugins/com.st.stm32cube.ide.mcu.externaltools.gnu-tools-for-stm32.14.3.rel1.win32_1.0.100.202602081740/tools/bin/../lib/gcc/arm-none-eabi/14.3.1/../../../../arm-none-eabi/lib/thumb/v7e-m+fp/hard\libc_nano.a(libc_a-nano-vfprintf.o)
                0x08011158                _vfprintf_r
                0x08011158                _vfiprintf_r
 .text.__sflush_r
                0x08011380      0x104 D:/Work/STM32CubeIDE_2.1.1/STM32CubeIDE/plugins/com.st.stm32cube.ide.mcu.externaltools.gnu-tools-for-stm32.14.3.rel1.win32_1.0.100.202602081740/tools/bin/../lib/gcc/arm-none-eabi/14.3.1/../../../../arm-none-eabi/lib/thumb/v7e-m+fp/hard\libc_nano.a(libc_a-fflush.o)
                0x08011380                __sflush_r
 .text._fflush_r
                0x08011484       0x50 D:/Work/STM32CubeIDE_2.1.1/STM32CubeIDE/plugins/com.st.stm32cube.ide.mcu.externaltools.gnu-tools-for-stm32.14.3.rel1.win32_1.0.100.202602081740/tools/bin/../lib/gcc/arm-none-eabi/14.3.1/../../../../arm-none-eabi/lib/thumb/v7e-m+fp/hard\libc_nano.a(libc_a-fflush.o)
                0x08011484                _fflush_r
 .text.__swbuf_r
                0x080114d4       0x7c D:/Work/STM32CubeIDE_2.1.1/STM32CubeIDE/plugins/com.st.stm32cube.ide.mcu.externaltools.gnu-tools-for-stm32.14.3.rel1.win32_1.0.100.202602081740/tools/bin/../lib/gcc/arm-none-eabi/14.3.1/../../../../arm-none-eabi/lib/thumb/v7e-m+fp/hard\libc_nano.a(libc_a-wbuf.o)
                0x080114d4                __swbuf_r
 .text.__swsetup_r
                0x08011550       0xa8 D:/Work/STM32CubeIDE_2.1.1/STM32CubeIDE/plugins/com.st.stm32cube.ide.mcu.externaltools.gnu-tools-for-stm32.14.3.rel1.win32_1.0.100.202602081740/tools/bin/../lib/gcc/arm-none-eabi/14.3.1/../../../../arm-none-eabi/lib/thumb/v7e-m+fp/hard\libc_nano.a(libc_a-wsetup.o)
                0x08011550                __swsetup_r
 .text.memmove  0x080115f8       0x32 D:/Work/STM32CubeIDE_2.1.1/STM32CubeIDE/plugins/com.st.stm32cube.ide.mcu.externaltools.gnu-tools-for-stm32.14.3.rel1.win32_1.0.100.202602081740/tools/bin/../lib/gcc/arm-none-eabi/14.3.1/../../../../arm-none-eabi/lib/thumb/v7e-m+fp/hard\libc_nano.a(libc_a-memmove.o)
                0x080115f8                memmove
 .text.strncmp  0x0801162a       0x24 D:/Work/STM32CubeIDE_2.1.1/STM32CubeIDE/plugins/com.st.stm32cube.ide.mcu.externaltools.gnu-tools-for-stm32.14.3.rel1.win32_1.0.100.202602081740/tools/bin/../lib/gcc/arm-none-eabi/14.3.1/../../../../arm-none-eabi/lib/thumb/v7e-m+fp/hard\libc_nano.a(libc_a-strncmp.o)
                0x0801162a                strncmp
 *fill*         0x0801164e        0x2 
 .text._sbrk_r  0x08011650       0x20 D:/Work/STM32CubeIDE_2.1.1/STM32CubeIDE/plugins/com.st.stm32cube.ide.mcu.externaltools.gnu-tools-for-stm32.14.3.rel1.win32_1.0.100.202602081740/tools/bin/../lib/gcc/arm-none-eabi/14.3.1/../../../../arm-none-eabi/lib/thumb/v7e-m+fp/hard\libc_nano.a(libc_a-sbrkr.o)
                0x08011650                _sbrk_r
 .text.nan      0x08011670       0x10 D:/Work/STM32CubeIDE_2.1.1/STM32CubeIDE/plugins/com.st.stm32cube.ide.mcu.externaltools.gnu-tools-for-stm32.14.3.rel1.win32_1.0.100.202602081740/tools/bin/../lib/gcc/arm-none-eabi/14.3.1/../../../../arm-none-eabi/lib/thumb/v7e-m+fp/hard\libc_nano.a(libm_a-s_nan.o)
                0x08011670                nan
 .text.__assert_func
                0x08011680       0x3c D:/Work/STM32CubeIDE_2.1.1/STM32CubeIDE/plugins/com.st.stm32cube.ide.mcu.externaltools.gnu-tools-for-stm32.14.3.rel1.win32_1.0.100.202602081740/tools/bin/../lib/gcc/arm-none-eabi/14.3.1/../../../../arm-none-eabi/lib/thumb/v7e-m+fp/hard\libc_nano.a(libc_a-assert.o)
                0x08011680                __assert_func
 .text._calloc_r
                0x080116bc       0x28 D:/Work/STM32CubeIDE_2.1.1/STM32CubeIDE/plugins/com.st.stm32cube.ide.mcu.externaltools.gnu-tools-for-stm32.14.3.rel1.win32_1.0.100.202602081740/tools/bin/../lib/gcc/arm-none-eabi/14.3.1/../../../../arm-none-eabi/lib/thumb/v7e-m+fp/hard\libc_nano.a(libc_a-callocr.o)
                0x080116bc                _calloc_r
 .text.rshift   0x080116e4       0xa4 D:/Work/STM32CubeIDE_2.1.1/STM32CubeIDE/plugins/com.st.stm32cube.ide.mcu.externaltools.gnu-tools-for-stm32.14.3.rel1.win32_1.0.100.202602081740/tools/bin/../lib/gcc/arm-none-eabi/14.3.1/../../../../arm-none-eabi/lib/thumb/v7e-m+fp/hard\libc_nano.a(libc_a-gdtoa-gethex.o)
 .text.__hexdig_fun
                0x08011788       0x2a D:/Work/STM32CubeIDE_2.1.1/STM32CubeIDE/plugins/com.st.stm32cube.ide.mcu.externaltools.gnu-tools-for-stm32.14.3.rel1.win32_1.0.100.202602081740/tools/bin/../lib/gcc/arm-none-eabi/14.3.1/../../../../arm-none-eabi/lib/thumb/v7e-m+fp/hard\libc_nano.a(libc_a-gdtoa-gethex.o)
                0x08011788                __hexdig_fun
 *fill*         0x080117b2        0x2 
 .text.__gethex
                0x080117b4      0x420 D:/Work/STM32CubeIDE_2.1.1/STM32CubeIDE/plugins/com.st.stm32cube.ide.mcu.externaltools.gnu-tools-for-stm32.14.3.rel1.win32_1.0.100.202602081740/tools/bin/../lib/gcc/arm-none-eabi/14.3.1/../../../../arm-none-eabi/lib/thumb/v7e-m+fp/hard\libc_nano.a(libc_a-gdtoa-gethex.o)
                0x080117b4                __gethex
 .text.L_shift  0x08011bd4       0x24 D:/Work/STM32CubeIDE_2.1.1/STM32CubeIDE/plugins/com.st.stm32cube.ide.mcu.externaltools.gnu-tools-for-stm32.14.3.rel1.win32_1.0.100.202602081740/tools/bin/../lib/gcc/arm-none-eabi/14.3.1/../../../../arm-none-eabi/lib/thumb/v7e-m+fp/hard\libc_nano.a(libc_a-gdtoa-hexnan.o)
 .text.__match  0x08011bf8       0x28 D:/Work/STM32CubeIDE_2.1.1/STM32CubeIDE/plugins/com.st.stm32cube.ide.mcu.externaltools.gnu-tools-for-stm32.14.3.rel1.win32_1.0.100.202602081740/tools/bin/../lib/gcc/arm-none-eabi/14.3.1/../../../../arm-none-eabi/lib/thumb/v7e-m+fp/hard\libc_nano.a(libc_a-gdtoa-hexnan.o)
                0x08011bf8                __match
 .text.__hexnan
                0x08011c20      0x13a D:/Work/STM32CubeIDE_2.1.1/STM32CubeIDE/plugins/com.st.stm32cube.ide.mcu.externaltools.gnu-tools-for-stm32.14.3.rel1.win32_1.0.100.202602081740/tools/bin/../lib/gcc/arm-none-eabi/14.3.1/../../../../arm-none-eabi/lib/thumb/v7e-m+fp/hard\libc_nano.a(libc_a-gdtoa-hexnan.o)
                0x08011c20                __hexnan
 .text.__ascii_mbtowc
                0x08011d5a       0x24 D:/Work/STM32CubeIDE_2.1.1/STM32CubeIDE/plugins/com.st.stm32cube.ide.mcu.externaltools.gnu-tools-for-stm32.14.3.rel1.win32_1.0.100.202602081740/tools/bin/../lib/gcc/arm-none-eabi/14.3.1/../../../../arm-none-eabi/lib/thumb/v7e-m+fp/hard\libc_nano.a(libc_a-mbtowc_r.o)
                0x08011d5a                __ascii_mbtowc
 .text._realloc_r
                0x08011d7e       0x5c D:/Work/STM32CubeIDE_2.1.1/STM32CubeIDE/plugins/com.st.stm32cube.ide.mcu.externaltools.gnu-tools-for-stm32.14.3.rel1.win32_1.0.100.202602081740/tools/bin/../lib/gcc/arm-none-eabi/14.3.1/../../../../arm-none-eabi/lib/thumb/v7e-m+fp/hard\libc_nano.a(libc_a-reallocr.o)
                0x08011d7e                _realloc_r
 .text.__ascii_wctomb
                0x08011dda       0x1a D:/Work/STM32CubeIDE_2.1.1/STM32CubeIDE/plugins/com.st.stm32cube.ide.mcu.externaltools.gnu-tools-for-stm32.14.3.rel1.win32_1.0.100.202602081740/tools/bin/../lib/gcc/arm-none-eabi/14.3.1/../../../../arm-none-eabi/lib/thumb/v7e-m+fp/hard\libc_nano.a(libc_a-wctomb_r.o)
                0x08011dda                __ascii_wctomb
 .text.fprintf  0x08011df4       0x24 D:/Work/STM32CubeIDE_2.1.1/STM32CubeIDE/plugins/com.st.stm32cube.ide.mcu.externaltools.gnu-tools-for-stm32.14.3.rel1.win32_1.0.100.202602081740/tools/bin/../lib/gcc/arm-none-eabi/14.3.1/../../../../arm-none-eabi/lib/thumb/v7e-m+fp/hard\libc_nano.a(libc_a-fprintf.o)
                0x08011df4                fiprintf
                0x08011df4                fprintf
 .text.__swhatbuf_r
                0x08011e18       0x48 D:/Work/STM32CubeIDE_2.1.1/STM32CubeIDE/plugins/com.st.stm32cube.ide.mcu.externaltools.gnu-tools-for-stm32.14.3.rel1.win32_1.0.100.202602081740/tools/bin/../lib/gcc/arm-none-eabi/14.3.1/../../../../arm-none-eabi/lib/thumb/v7e-m+fp/hard\libc_nano.a(libc_a-makebuf.o)
                0x08011e18                __swhatbuf_r
 .text.__smakebuf_r
                0x08011e60       0x72 D:/Work/STM32CubeIDE_2.1.1/STM32CubeIDE/plugins/com.st.stm32cube.ide.mcu.externaltools.gnu-tools-for-stm32.14.3.rel1.win32_1.0.100.202602081740/tools/bin/../lib/gcc/arm-none-eabi/14.3.1/../../../../arm-none-eabi/lib/thumb/v7e-m+fp/hard\libc_nano.a(libc_a-makebuf.o)
                0x08011e60                __smakebuf_r
 *fill*         0x08011ed2        0x2 
 .text._fstat_r
                0x08011ed4       0x24 D:/Work/STM32CubeIDE_2.1.1/STM32CubeIDE/plugins/com.st.stm32cube.ide.mcu.externaltools.gnu-tools-for-stm32.14.3.rel1.win32_1.0.100.202602081740/tools/bin/../lib/gcc/arm-none-eabi/14.3.1/../../../../arm-none-eabi/lib/thumb/v7e-m+fp/hard\libc_nano.a(libc_a-fstatr.o)
                0x08011ed4                _fstat_r
 .text._isatty_r
                0x08011ef8       0x20 D:/Work/STM32CubeIDE_2.1.1/STM32CubeIDE/plugins/com.st.stm32cube.ide.mcu.externaltools.gnu-tools-for-stm32.14.3.rel1.win32_1.0.100.202602081740/tools/bin/../lib/gcc/arm-none-eabi/14.3.1/../../../../arm-none-eabi/lib/thumb/v7e-m+fp/hard\libc_nano.a(libc_a-isattyr.o)
                0x08011ef8                _isatty_r
 .text.abort    0x08011f18        0xe D:/Work/STM32CubeIDE_2.1.1/STM32CubeIDE/plugins/com.st.stm32cube.ide.mcu.externaltools.gnu-tools-for-stm32.14.3.rel1.win32_1.0.100.202602081740/tools/bin/../lib/gcc/arm-none-eabi/14.3.1/../../../../arm-none-eabi/lib/thumb/v7e-m+fp/hard\libc_nano.a(libc_a-abort.o)
                0x08011f18                abort
 .text._malloc_usable_size_r
                0x08011f26       0x10 D:/Work/STM32CubeIDE_2.1.1/STM32CubeIDE/plugins/com.st.stm32cube.ide.mcu.externaltools.gnu-tools-for-stm32.14.3.rel1.win32_1.0.100.202602081740/tools/bin/../lib/gcc/arm-none-eabi/14.3.1/../../../../arm-none-eabi/lib/thumb/v7e-m+fp/hard\libc_nano.a(libc_a-msizer.o)
                0x08011f26                _malloc_usable_size_r
 .text._raise_r
                0x08011f36       0x50 D:/Work/STM32CubeIDE_2.1.1/STM32CubeIDE/plugins/com.st.stm32cube.ide.mcu.externaltools.gnu-tools-for-stm32.14.3.rel1.win32_1.0.100.202602081740/tools/bin/../lib/gcc/arm-none-eabi/14.3.1/../../../../arm-none-eabi/lib/thumb/v7e-m+fp/hard\libc_nano.a(libc_a-signal.o)
                0x08011f36                _raise_r
 *fill*         0x08011f86        0x2 
 .text.raise    0x08011f88       0x10 D:/Work/STM32CubeIDE_2.1.1/STM32CubeIDE/plugins/com.st.stm32cube.ide.mcu.externaltools.gnu-tools-for-stm32.14.3.rel1.win32_1.0.100.202602081740/tools/bin/../lib/gcc/arm-none-eabi/14.3.1/../../../../arm-none-eabi/lib/thumb/v7e-m+fp/hard\libc_nano.a(libc_a-signal.o)
                0x08011f88                raise
 .text._kill_r  0x08011f98       0x24 D:/Work/STM32CubeIDE_2.1.1/STM32CubeIDE/plugins/com.st.stm32cube.ide.mcu.externaltools.gnu-tools-for-stm32.14.3.rel1.win32_1.0.100.202602081740/tools/bin/../lib/gcc/arm-none-eabi/14.3.1/../../../../arm-none-eabi/lib/thumb/v7e-m+fp/hard\libc_nano.a(libc_a-signalr.o)
                0x08011f98                _kill_r
 .text._getpid_r
                0x08011fbc        0x4 D:/Work/STM32CubeIDE_2.1.1/STM32CubeIDE/plugins/com.st.stm32cube.ide.mcu.externaltools.gnu-tools-for-stm32.14.3.rel1.win32_1.0.100.202602081740/tools/bin/../lib/gcc/arm-none-eabi/14.3.1/../../../../arm-none-eabi/lib/thumb/v7e-m+fp/hard\libc_nano.a(libc_a-signalr.o)
                0x08011fbc                _getpid_r