../Core/Src/sd_functions.c:42:5:sd_get_space_kb	40	static
../Core/Src/sd_functions.c:56:5:sd_mount	16	static
../Core/Src/sd_functions.c:119:5:sd_unmount	16	static
../Core/Src/sd_functions.c:125:5:sd_write_file	592	static
../Core/Src/sd_functions.c:137:5:sd_append_file	592	static
../Core/Src/sd_functions.c:155:5:sd_read_file	600	static
../Core/Src/sd_functions.c:190:5:sd_read_csv	744	static
../Core/Src/sd_functions.c:233:5:sd_delete_file	24	static
../Core/Src/sd_functions.c:239:5:sd_rename_file	24	static
../Core/Src/sd_functions.c:245:9:sd_create_directory	24	static
../Core/Src/sd_functions.c:251:6:sd_list_directory_recursive	496	static
../Core/Src/sd_functions.c:280:6:sd_list_files	8	static
